Archive member included to satisfy reference by file (symbol)

/home/evsejho/st/stm32cubeide_1.5.0/plugins/com.st.stm32cube.ide.mcu.externaltools.gnu-tools-for-stm32.7-2018-q2-update.linux64_1.5.0.202011040924/tools/bin/../lib/gcc/arm-none-eabi/7.3.1/../../../../arm-none-eabi/lib/thumb/v7e-m/fpv4-sp/hard/libc_nano.a(lib_a-errno.o)
                              Core/Src/syscalls.o (__errno)
/home/evsejho/st/stm32cubeide_1.5.0/plugins/com.st.stm32cube.ide.mcu.externaltools.gnu-tools-for-stm32.7-2018-q2-update.linux64_1.5.0.202011040924/tools/bin/../lib/gcc/arm-none-eabi/7.3.1/../../../../arm-none-eabi/lib/thumb/v7e-m/fpv4-sp/hard/libc_nano.a(lib_a-exit.o)
                              /home/evsejho/st/stm32cubeide_1.5.0/plugins/com.st.stm32cube.ide.mcu.externaltools.gnu-tools-for-stm32.7-2018-q2-update.linux64_1.5.0.202011040924/tools/bin/../lib/gcc/arm-none-eabi/7.3.1/../../../../arm-none-eabi/lib/thumb/v7e-m/fpv4-sp/hard/crt0.o (exit)
/home/evsejho/st/stm32cubeide_1.5.0/plugins/com.st.stm32cube.ide.mcu.externaltools.gnu-tools-for-stm32.7-2018-q2-update.linux64_1.5.0.202011040924/tools/bin/../lib/gcc/arm-none-eabi/7.3.1/../../../../arm-none-eabi/lib/thumb/v7e-m/fpv4-sp/hard/libc_nano.a(lib_a-impure.o)
                              /home/evsejho/st/stm32cubeide_1.5.0/plugins/com.st.stm32cube.ide.mcu.externaltools.gnu-tools-for-stm32.7-2018-q2-update.linux64_1.5.0.202011040924/tools/bin/../lib/gcc/arm-none-eabi/7.3.1/../../../../arm-none-eabi/lib/thumb/v7e-m/fpv4-sp/hard/libc_nano.a(lib_a-exit.o) (_global_impure_ptr)
/home/evsejho/st/stm32cubeide_1.5.0/plugins/com.st.stm32cube.ide.mcu.externaltools.gnu-tools-for-stm32.7-2018-q2-update.linux64_1.5.0.202011040924/tools/bin/../lib/gcc/arm-none-eabi/7.3.1/../../../../arm-none-eabi/lib/thumb/v7e-m/fpv4-sp/hard/libc_nano.a(lib_a-init.o)
                              /home/evsejho/st/stm32cubeide_1.5.0/plugins/com.st.stm32cube.ide.mcu.externaltools.gnu-tools-for-stm32.7-2018-q2-update.linux64_1.5.0.202011040924/tools/bin/../lib/gcc/arm-none-eabi/7.3.1/../../../../arm-none-eabi/lib/thumb/v7e-m/fpv4-sp/hard/crt0.o (__libc_init_array)
/home/evsejho/st/stm32cubeide_1.5.0/plugins/com.st.stm32cube.ide.mcu.externaltools.gnu-tools-for-stm32.7-2018-q2-update.linux64_1.5.0.202011040924/tools/bin/../lib/gcc/arm-none-eabi/7.3.1/../../../../arm-none-eabi/lib/thumb/v7e-m/fpv4-sp/hard/libc_nano.a(lib_a-memcpy-stub.o)
                              Middlewares/Third_Party/FreeRTOS/Source/CMSIS_RTOS_V2/cmsis_os2.o (memcpy)
/home/evsejho/st/stm32cubeide_1.5.0/plugins/com.st.stm32cube.ide.mcu.externaltools.gnu-tools-for-stm32.7-2018-q2-update.linux64_1.5.0.202011040924/tools/bin/../lib/gcc/arm-none-eabi/7.3.1/../../../../arm-none-eabi/lib/thumb/v7e-m/fpv4-sp/hard/libc_nano.a(lib_a-memset.o)
                              /home/evsejho/st/stm32cubeide_1.5.0/plugins/com.st.stm32cube.ide.mcu.externaltools.gnu-tools-for-stm32.7-2018-q2-update.linux64_1.5.0.202011040924/tools/bin/../lib/gcc/arm-none-eabi/7.3.1/../../../../arm-none-eabi/lib/thumb/v7e-m/fpv4-sp/hard/crt0.o (memset)

Allocating common symbols
Common symbol       size              file

ProducerHandle      0x4               Core/Src/main.o
sem_jobHandle       0x4               Core/Src/main.o
hi2c1               0x4c              Core/Src/main.o
mutex_jobHandle     0x4               Core/Src/main.o
uwTick              0x4               Drivers/STM32F3xx_HAL_Driver/Src/stm32f3xx_hal.o
xQueueRegistry      0x40              Middlewares/Third_Party/FreeRTOS/Source/queue.o
pFlash              0x20              Drivers/STM32F3xx_HAL_Driver/Src/stm32f3xx_hal_flash.o
htim1               0x4c              Core/Src/stm32f3xx_hal_timebase_tim.o
hspi1               0x64              Core/Src/main.o
ConsumerHandle      0x4               Core/Src/main.o
hpcd_USB_FS         0x2ec             Core/Src/main.o
itemQueueHandle     0x4               Core/Src/main.o

Discarded input sections

 .text          0x0000000000000000        0x0 /home/evsejho/st/stm32cubeide_1.5.0/plugins/com.st.stm32cube.ide.mcu.externaltools.gnu-tools-for-stm32.7-2018-q2-update.linux64_1.5.0.202011040924/tools/bin/../lib/gcc/arm-none-eabi/7.3.1/thumb/v7e-m/fpv4-sp/hard/crti.o
 .data          0x0000000000000000        0x0 /home/evsejho/st/stm32cubeide_1.5.0/plugins/com.st.stm32cube.ide.mcu.externaltools.gnu-tools-for-stm32.7-2018-q2-update.linux64_1.5.0.202011040924/tools/bin/../lib/gcc/arm-none-eabi/7.3.1/thumb/v7e-m/fpv4-sp/hard/crti.o
 .bss           0x0000000000000000        0x0 /home/evsejho/st/stm32cubeide_1.5.0/plugins/com.st.stm32cube.ide.mcu.externaltools.gnu-tools-for-stm32.7-2018-q2-update.linux64_1.5.0.202011040924/tools/bin/../lib/gcc/arm-none-eabi/7.3.1/thumb/v7e-m/fpv4-sp/hard/crti.o
 .data          0x0000000000000000        0x4 /home/evsejho/st/stm32cubeide_1.5.0/plugins/com.st.stm32cube.ide.mcu.externaltools.gnu-tools-for-stm32.7-2018-q2-update.linux64_1.5.0.202011040924/tools/bin/../lib/gcc/arm-none-eabi/7.3.1/thumb/v7e-m/fpv4-sp/hard/crtbegin.o
[...]
Memory Configuration

Name             Origin             Length             Attributes
CCMRAM           0x0000000010000000 0x0000000000002000 xrw
RAM              0x0000000020000000 0x000000000000a000 xrw
FLASH            0x0000000008000000 0x0000000000040000 xr
*default*        0x0000000000000000 0xffffffffffffffff

Linker script and memory map

LOAD /home/evsejho/st/stm32cubeide_1.5.0/plugins/com.st.stm32cube.ide.mcu.externaltools.gnu-tools-for-stm32.7-2018-q2-update.linux64_1.5.0.202011040924/tools/bin/../lib/gcc/arm-none-eabi/7.3.1/thumb/v7e-m/fpv4-sp/hard/crti.o
LOAD /home/evsejho/st/stm32cubeide_1.5.0/plugins/com.st.stm32cube.ide.mcu.externaltools.gnu-tools-for-stm32.7-2018-q2-update.linux64_1.5.0.202011040924/tools/bin/../lib/gcc/arm-none-eabi/7.3.1/thumb/v7e-m/fpv4-sp/hard/crtbegin.o
LOAD /home/evsejho/st/stm32cubeide_1.5.0/plugins/com.st.stm32cube.ide.mcu.externaltools.gnu-tools-for-stm32.7-2018-q2-update.linux64_1.5.0.202011040924/tools/bin/../lib/gcc/arm-none-eabi/7.3.1/../../../../arm-none-eabi/lib/thumb/v7e-m/fpv4-sp/hard/crt0.o
LOAD Core/Src/freertos.o
LOAD Core/Src/main.o
LOAD Core/Src/stm32f3xx_hal_msp.o
LOAD Core/Src/stm32f3xx_hal_timebase_tim.o
LOAD Core/Src/stm32f3xx_it.o
LOAD Core/Src/syscalls.o
LOAD Core/Src/sysmem.o
LOAD Core/Src/system_stm32f3xx.o
LOAD Core/Startup/startup_stm32f303vctx.o
LOAD Drivers/STM32F3xx_HAL_Driver/Src/stm32f3xx_hal.o
LOAD Drivers/STM32F3xx_HAL_Driver/Src/stm32f3xx_hal_cortex.o
LOAD Drivers/STM32F3xx_HAL_Driver/Src/stm32f3xx_hal_dma.o
LOAD Drivers/STM32F3xx_HAL_Driver/Src/stm32f3xx_hal_exti.o
LOAD Drivers/STM32F3xx_HAL_Driver/Src/stm32f3xx_hal_flash.o
LOAD Drivers/STM32F3xx_HAL_Driver/Src/stm32f3xx_hal_flash_ex.o
LOAD Drivers/STM32F3xx_HAL_Driver/Src/stm32f3xx_hal_gpio.o
LOAD Drivers/STM32F3xx_HAL_Driver/Src/stm32f3xx_hal_i2c.o
LOAD Drivers/STM32F3xx_HAL_Driver/Src/stm32f3xx_hal_i2c_ex.o
LOAD Drivers/STM32F3xx_HAL_Driver/Src/stm32f3xx_hal_pcd.o
LOAD Drivers/STM32F3xx_HAL_Driver/Src/stm32f3xx_hal_pcd_ex.o
LOAD Drivers/STM32F3xx_HAL_Driver/Src/stm32f3xx_hal_pwr.o
LOAD Drivers/STM32F3xx_HAL_Driver/Src/stm32f3xx_hal_pwr_ex.o
LOAD Drivers/STM32F3xx_HAL_Driver/Src/stm32f3xx_hal_rcc.o
LOAD Drivers/STM32F3xx_HAL_Driver/Src/stm32f3xx_hal_rcc_ex.o
LOAD Drivers/STM32F3xx_HAL_Driver/Src/stm32f3xx_hal_spi.o
LOAD Drivers/STM32F3xx_HAL_Driver/Src/stm32f3xx_hal_spi_ex.o
LOAD Drivers/STM32F3xx_HAL_Driver/Src/stm32f3xx_hal_tim.o
LOAD Drivers/STM32F3xx_HAL_Driver/Src/stm32f3xx_hal_tim_ex.o
LOAD Drivers/STM32F3xx_HAL_Driver/Src/stm32f3xx_ll_usb.o
LOAD Middlewares/Third_Party/FreeRTOS/Source/CMSIS_RTOS_V2/cmsis_os2.o
LOAD Middlewares/Third_Party/FreeRTOS/Source/croutine.o
LOAD Middlewares/Third_Party/FreeRTOS/Source/event_groups.o
LOAD Middlewares/Third_Party/FreeRTOS/Source/list.o
LOAD Middlewares/Third_Party/FreeRTOS/Source/queue.o
LOAD Middlewares/Third_Party/FreeRTOS/Source/stream_buffer.o
LOAD Middlewares/Third_Party/FreeRTOS/Source/tasks.o
LOAD Middlewares/Third_Party/FreeRTOS/Source/timers.o
LOAD Middlewares/Third_Party/FreeRTOS/Source/portable/GCC/ARM_CM4F/port.o
LOAD Middlewares/Third_Party/FreeRTOS/Source/portable/MemMang/heap_4.o
START GROUP
LOAD /home/evsejho/st/stm32cubeide_1.5.0/plugins/com.st.stm32cube.ide.mcu.externaltools.gnu-tools-for-stm32.7-2018-q2-update.linux64_1.5.0.202011040924/tools/bin/../lib/gcc/arm-none-eabi/7.3.1/../../../../arm-none-eabi/lib/thumb/v7e-m/fpv4-sp/hard/libc_nano.a
LOAD /home/evsejho/st/stm32cubeide_1.5.0/plugins/com.st.stm32cube.ide.mcu.externaltools.gnu-tools-for-stm32.7-2018-q2-update.linux64_1.5.0.202011040924/tools/bin/../lib/gcc/arm-none-eabi/7.3.1/../../../../arm-none-eabi/lib/thumb/v7e-m/fpv4-sp/hard/libm.a
END GROUP
START GROUP
LOAD /home/evsejho/st/stm32cubeide_1.5.0/plugins/com.st.stm32cube.ide.mcu.externaltools.gnu-tools-for-stm32.7-2018-q2-update.linux64_1.5.0.202011040924/tools/bin/../lib/gcc/arm-none-eabi/7.3.1/thumb/v7e-m/fpv4-sp/hard/libgcc.a
LOAD /home/evsejho/st/stm32cubeide_1.5.0/plugins/com.st.stm32cube.ide.mcu.externaltools.gnu-tools-for-stm32.7-2018-q2-update.linux64_1.5.0.202011040924/tools/bin/../lib/gcc/arm-none-eabi/7.3.1/../../../../arm-none-eabi/lib/thumb/v7e-m/fpv4-sp/hard/libc_nano.a
END GROUP
START GROUP
LOAD /home/evsejho/st/stm32cubeide_1.5.0/plugins/com.st.stm32cube.ide.mcu.externaltools.gnu-tools-for-stm32.7-2018-q2-update.linux64_1.5.0.202011040924/tools/bin/../lib/gcc/arm-none-eabi/7.3.1/thumb/v7e-m/fpv4-sp/hard/libgcc.a
LOAD /home/evsejho/st/stm32cubeide_1.5.0/plugins/com.st.stm32cube.ide.mcu.externaltools.gnu-tools-for-stm32.7-2018-q2-update.linux64_1.5.0.202011040924/tools/bin/../lib/gcc/arm-none-eabi/7.3.1/../../../../arm-none-eabi/lib/thumb/v7e-m/fpv4-sp/hard/libc_nano.a
LOAD /home/evsejho/st/stm32cubeide_1.5.0/plugins/com.st.stm32cube.ide.mcu.externaltools.gnu-tools-for-stm32.7-2018-q2-update.linux64_1.5.0.202011040924/tools/bin/../lib/gcc/arm-none-eabi/7.3.1/../../../../arm-none-eabi/lib/thumb/v7e-m/fpv4-sp/hard/libnosys.a
END GROUP
START GROUP
LOAD /home/evsejho/st/stm32cubeide_1.5.0/plugins/com.st.stm32cube.ide.mcu.externaltools.gnu-tools-for-stm32.7-2018-q2-update.linux64_1.5.0.202011040924/tools/bin/../lib/gcc/arm-none-eabi/7.3.1/thumb/v7e-m/fpv4-sp/hard/libgcc.a
LOAD /home/evsejho/st/stm32cubeide_1.5.0/plugins/com.st.stm32cube.ide.mcu.externaltools.gnu-tools-for-stm32.7-2018-q2-update.linux64_1.5.0.202011040924/tools/bin/../lib/gcc/arm-none-eabi/7.3.1/../../../../arm-none-eabi/lib/thumb/v7e-m/fpv4-sp/hard/libc_nano.a
LOAD /home/evsejho/st/stm32cubeide_1.5.0/plugins/com.st.stm32cube.ide.mcu.externaltools.gnu-tools-for-stm32.7-2018-q2-update.linux64_1.5.0.202011040924/tools/bin/../lib/gcc/arm-none-eabi/7.3.1/../../../../arm-none-eabi/lib/thumb/v7e-m/fpv4-sp/hard/libnosys.a
END GROUP
LOAD /home/evsejho/st/stm32cubeide_1.5.0/plugins/com.st.stm32cube.ide.mcu.externaltools.gnu-tools-for-stm32.7-2018-q2-update.linux64_1.5.0.202011040924/tools/bin/../lib/gcc/arm-none-eabi/7.3.1/thumb/v7e-m/fpv4-sp/hard/crtend.o
LOAD /home/evsejho/st/stm32cubeide_1.5.0/plugins/com.st.stm32cube.ide.mcu.externaltools.gnu-tools-for-stm32.7-2018-q2-update.linux64_1.5.0.202011040924/tools/bin/../lib/gcc/arm-none-eabi/7.3.1/thumb/v7e-m/fpv4-sp/hard/crtn.o
                0x000000002000a000                _estack = (ORIGIN (RAM) + LENGTH (RAM))
                0x0000000000000200                _Min_Heap_Size = 0x200
                0x0000000000000400                _Min_Stack_Size = 0x400

.isr_vector     0x0000000008000000      0x188
                0x0000000008000000                . = ALIGN (0x4)
 *(.isr_vector)
 .isr_vector    0x0000000008000000      0x188 Core/Startup/startup_stm32f303vctx.o
                0x0000000008000000                g_pfnVectors
                0x0000000008000188                . = ALIGN (0x4)

.text           0x0000000008000190     0x6b94
                0x0000000008000190                . = ALIGN (0x4)
 *(.text)
 .text          0x0000000008000190       0x40 /home/evsejho/st/stm32cubeide_1.5.0/plugins/com.st.stm32cube.ide.mcu.externaltools.gnu-tools-for-stm32.7-2018-q2-update.linux64_1.5.0.202011040924/tools/bin/../lib/gcc/arm-none-eabi/7.3.1/thumb/v7e-m/fpv4-sp/hard/crtbegin.o
 *(.text*)
 .text.main     0x00000000080001d0       0xa4 Core/Src/main.o
                0x00000000080001d0                main
 .text.SystemClock_Config
                0x0000000008000274       0xc0 Core/Src/main.o
                0x0000000008000274                SystemClock_Config
 .text.MX_I2C1_Init
                0x0000000008000334       0x80 Core/Src/main.o
 .text.MX_SPI1_Init
                0x00000000080003b4       0x7c Core/Src/main.o
 .text.MX_USB_PCD_Init
                0x0000000008000430       0x44 Core/Src/main.o
 .text.MX_GPIO_Init
                0x0000000008000474      0x100 Core/Src/main.o
 .text.producer_func
                0x0000000008000574       0x8c Core/Src/main.o
                0x0000000008000574                producer_func
 .text.consumer_func
                0x0000000008000600       0x8c Core/Src/main.o
                0x0000000008000600                consumer_func
 .text.HAL_TIM_PeriodElapsedCallback
                0x000000000800068c       0x24 Core/Src/main.o
                0x000000000800068c                HAL_TIM_PeriodElapsedCallback
 .text.Error_Handler
                0x00000000080006b0        0x8 Core/Src/main.o
                0x00000000080006b0                Error_Handler
 .text.HAL_MspInit
                0x00000000080006b8       0x50 Core/Src/stm32f3xx_hal_msp.o
                0x00000000080006b8                HAL_MspInit
 .text.HAL_I2C_MspInit
                0x0000000008000708       0x88 Core/Src/stm32f3xx_hal_msp.o
                0x0000000008000708                HAL_I2C_MspInit
 .text.HAL_SPI_MspInit
                0x0000000008000790       0x84 Core/Src/stm32f3xx_hal_msp.o
                0x0000000008000790                HAL_SPI_MspInit
 .text.HAL_PCD_MspInit
                0x0000000008000814       0x88 Core/Src/stm32f3xx_hal_msp.o
                0x0000000008000814                HAL_PCD_MspInit
 .text.HAL_InitTick
                0x000000000800089c       0xac Core/Src/stm32f3xx_hal_timebase_tim.o
                0x000000000800089c                HAL_InitTick
 .text.NMI_Handler
                0x0000000008000948        0x6 Core/Src/stm32f3xx_it.o
                0x0000000008000948                NMI_Handler
 .text.HardFault_Handler
                0x000000000800094e        0x6 Core/Src/stm32f3xx_it.o
                0x000000000800094e                HardFault_Handler
 .text.MemManage_Handler
                0x0000000008000954        0x6 Core/Src/stm32f3xx_it.o
                0x0000000008000954                MemManage_Handler
 .text.BusFault_Handler
                0x000000000800095a        0x6 Core/Src/stm32f3xx_it.o
                0x000000000800095a                BusFault_Handler
 .text.UsageFault_Handler
                0x0000000008000960        0x6 Core/Src/stm32f3xx_it.o
                0x0000000008000960                UsageFault_Handler
 .text.DebugMon_Handler
                0x0000000008000966        0xe Core/Src/stm32f3xx_it.o
                0x0000000008000966                DebugMon_Handler
 .text.TIM1_UP_TIM16_IRQHandler
                0x0000000008000974       0x14 Core/Src/stm32f3xx_it.o
                0x0000000008000974                TIM1_UP_TIM16_IRQHandler
 .text.SystemInit
                0x0000000008000988       0x24 Core/Src/system_stm32f3xx.o
                0x0000000008000988                SystemInit
 .text.Reset_Handler
                0x00000000080009ac       0x50 Core/Startup/startup_stm32f303vctx.o
                0x00000000080009ac                Reset_Handler
 .text.Default_Handler
                0x00000000080009fc        0x2 Core/Startup/startup_stm32f303vctx.o
                0x00000000080009fc                RTC_Alarm_IRQHandler
                0x00000000080009fc                TIM8_TRG_COM_IRQHandler
                0x00000000080009fc                TIM8_CC_IRQHandler
                0x00000000080009fc                TIM1_CC_IRQHandler
                0x00000000080009fc                USB_HP_IRQHandler
                0x00000000080009fc                PVD_IRQHandler
                0x00000000080009fc                TAMP_STAMP_IRQHandler
                0x00000000080009fc                EXTI3_IRQHandler
                0x00000000080009fc                USB_HP_CAN_TX_IRQHandler
                0x00000000080009fc                EXTI0_IRQHandler
                0x00000000080009fc                I2C2_EV_IRQHandler
                0x00000000080009fc                FPU_IRQHandler
                0x00000000080009fc                ADC1_2_IRQHandler
                0x00000000080009fc                SPI1_IRQHandler
                0x00000000080009fc                CAN_SCE_IRQHandler
                0x00000000080009fc                TIM6_DAC_IRQHandler
                0x00000000080009fc                TIM8_UP_IRQHandler
                0x00000000080009fc                DMA2_Channel2_IRQHandler
                0x00000000080009fc                DMA1_Channel4_IRQHandler
                0x00000000080009fc                USART3_IRQHandler
                0x00000000080009fc                DMA1_Channel7_IRQHandler
                0x00000000080009fc                UART5_IRQHandler
                0x00000000080009fc                ADC3_IRQHandler
                0x00000000080009fc                TIM4_IRQHandler
                0x00000000080009fc                CAN_RX1_IRQHandler
                0x00000000080009fc                DMA2_Channel1_IRQHandler
                0x00000000080009fc                I2C1_EV_IRQHandler
                0x00000000080009fc                DMA1_Channel6_IRQHandler
                0x00000000080009fc                UART4_IRQHandler
                0x00000000080009fc                DMA2_Channel4_IRQHandler
                0x00000000080009fc                TIM3_IRQHandler
                0x00000000080009fc                RCC_IRQHandler
                0x00000000080009fc                DMA1_Channel1_IRQHandler
                0x00000000080009fc                Default_Handler
                0x00000000080009fc                USBWakeUp_RMP_IRQHandler
                0x00000000080009fc                EXTI15_10_IRQHandler
                0x00000000080009fc                TIM7_IRQHandler
                0x00000000080009fc                EXTI9_5_IRQHandler
                0x00000000080009fc                RTC_WKUP_IRQHandler
                0x00000000080009fc                SPI2_IRQHandler
                0x00000000080009fc                USB_LP_CAN_RX0_IRQHandler
                0x00000000080009fc                DMA2_Channel5_IRQHandler
                0x00000000080009fc                DMA1_Channel5_IRQHandler
                0x00000000080009fc                USB_LP_IRQHandler
                0x00000000080009fc                EXTI4_IRQHandler
                0x00000000080009fc                TIM1_TRG_COM_TIM17_IRQHandler
                0x00000000080009fc                DMA1_Channel3_IRQHandler
                0x00000000080009fc                ADC4_IRQHandler
                0x00000000080009fc                WWDG_IRQHandler
                0x00000000080009fc                TIM2_IRQHandler
                0x00000000080009fc                COMP7_IRQHandler
                0x00000000080009fc                COMP1_2_3_IRQHandler
                0x00000000080009fc                EXTI1_IRQHandler
                0x00000000080009fc                USART2_IRQHandler
                0x00000000080009fc                COMP4_5_6_IRQHandler
                0x00000000080009fc                I2C2_ER_IRQHandler
                0x00000000080009fc                DMA1_Channel2_IRQHandler
                0x00000000080009fc                TIM8_BRK_IRQHandler
                0x00000000080009fc                FLASH_IRQHandler
                0x00000000080009fc                USART1_IRQHandler
                0x00000000080009fc                SPI3_IRQHandler
                0x00000000080009fc                I2C1_ER_IRQHandler
                0x00000000080009fc                USBWakeUp_IRQHandler
                0x00000000080009fc                DMA2_Channel3_IRQHandler
                0x00000000080009fc                EXTI2_TSC_IRQHandler
                0x00000000080009fc                TIM1_BRK_TIM15_IRQHandler
 *fill*         0x00000000080009fe        0x2 
 .text.HAL_Init
                0x0000000008000a00       0x2c Drivers/STM32F3xx_HAL_Driver/Src/stm32f3xx_hal.o
                0x0000000008000a00                HAL_Init
 .text.HAL_IncTick
                0x0000000008000a2c       0x28 Drivers/STM32F3xx_HAL_Driver/Src/stm32f3xx_hal.o
                0x0000000008000a2c                HAL_IncTick
 .text.HAL_GetTick
                0x0000000008000a54       0x18 Drivers/STM32F3xx_HAL_Driver/Src/stm32f3xx_hal.o
                0x0000000008000a54                HAL_GetTick
 .text.__NVIC_SetPriorityGrouping
                0x0000000008000a6c       0x48 Drivers/STM32F3xx_HAL_Driver/Src/stm32f3xx_hal_cortex.o
 .text.__NVIC_GetPriorityGrouping
                0x0000000008000ab4       0x1c Drivers/STM32F3xx_HAL_Driver/Src/stm32f3xx_hal_cortex.o
 .text.__NVIC_EnableIRQ
                0x0000000008000ad0       0x3c Drivers/STM32F3xx_HAL_Driver/Src/stm32f3xx_hal_cortex.o
 .text.__NVIC_SetPriority
                0x0000000008000b0c       0x54 Drivers/STM32F3xx_HAL_Driver/Src/stm32f3xx_hal_cortex.o
 .text.NVIC_EncodePriority
                0x0000000008000b60       0x66 Drivers/STM32F3xx_HAL_Driver/Src/stm32f3xx_hal_cortex.o
 .text.HAL_NVIC_SetPriorityGrouping
                0x0000000008000bc6       0x16 Drivers/STM32F3xx_HAL_Driver/Src/stm32f3xx_hal_cortex.o
                0x0000000008000bc6                HAL_NVIC_SetPriorityGrouping
 .text.HAL_NVIC_SetPriority
                0x0000000008000bdc       0x38 Drivers/STM32F3xx_HAL_Driver/Src/stm32f3xx_hal_cortex.o
                0x0000000008000bdc                HAL_NVIC_SetPriority
 .text.HAL_NVIC_EnableIRQ
                0x0000000008000c14       0x1c Drivers/STM32F3xx_HAL_Driver/Src/stm32f3xx_hal_cortex.o
                0x0000000008000c14                HAL_NVIC_EnableIRQ
 .text.HAL_GPIO_Init
                0x0000000008000c30      0x2f4 Drivers/STM32F3xx_HAL_Driver/Src/stm32f3xx_hal_gpio.o
                0x0000000008000c30                HAL_GPIO_Init
 .text.HAL_GPIO_WritePin
                0x0000000008000f24       0x30 Drivers/STM32F3xx_HAL_Driver/Src/stm32f3xx_hal_gpio.o
                0x0000000008000f24                HAL_GPIO_WritePin
 .text.HAL_I2C_Init
                0x0000000008000f54      0x11e Drivers/STM32F3xx_HAL_Driver/Src/stm32f3xx_hal_i2c.o
                0x0000000008000f54                HAL_I2C_Init
 .text.HAL_I2CEx_ConfigAnalogFilter
                0x0000000008001072       0x96 Drivers/STM32F3xx_HAL_Driver/Src/stm32f3xx_hal_i2c_ex.o
                0x0000000008001072                HAL_I2CEx_ConfigAnalogFilter
 .text.HAL_I2CEx_ConfigDigitalFilter
                0x0000000008001108       0x98 Drivers/STM32F3xx_HAL_Driver/Src/stm32f3xx_hal_i2c_ex.o
                0x0000000008001108                HAL_I2CEx_ConfigDigitalFilter
 .text.HAL_PCD_Init
                0x00000000080011a0      0x1bc Drivers/STM32F3xx_HAL_Driver/Src/stm32f3xx_hal_pcd.o
                0x00000000080011a0                HAL_PCD_Init
 .text.HAL_RCC_OscConfig
                0x000000000800135c      0xe10 Drivers/STM32F3xx_HAL_Driver/Src/stm32f3xx_hal_rcc.o
                0x000000000800135c                HAL_RCC_OscConfig
 .text.HAL_RCC_ClockConfig
                0x000000000800216c      0x2f8 Drivers/STM32F3xx_HAL_Driver/Src/stm32f3xx_hal_rcc.o
                0x000000000800216c                HAL_RCC_ClockConfig
 .text.HAL_RCC_GetSysClockFreq
                0x0000000008002464       0xd4 Drivers/STM32F3xx_HAL_Driver/Src/stm32f3xx_hal_rcc.o
                0x0000000008002464                HAL_RCC_GetSysClockFreq
 .text.HAL_RCC_GetHCLKFreq
                0x0000000008002538       0x18 Drivers/STM32F3xx_HAL_Driver/Src/stm32f3xx_hal_rcc.o
                0x0000000008002538                HAL_RCC_GetHCLKFreq
 .text.HAL_RCC_GetPCLK2Freq
                0x0000000008002550       0x44 Drivers/STM32F3xx_HAL_Driver/Src/stm32f3xx_hal_rcc.o
                0x0000000008002550                HAL_RCC_GetPCLK2Freq
 .text.HAL_RCC_GetClockConfig
                0x0000000008002594       0x64 Drivers/STM32F3xx_HAL_Driver/Src/stm32f3xx_hal_rcc.o
                0x0000000008002594                HAL_RCC_GetClockConfig
 .text.HAL_RCCEx_PeriphCLKConfig
                0x00000000080025f8      0x360 Drivers/STM32F3xx_HAL_Driver/Src/stm32f3xx_hal_rcc_ex.o
                0x00000000080025f8                HAL_RCCEx_PeriphCLKConfig
 .text.HAL_SPI_Init
                0x0000000008002958      0x156 Drivers/STM32F3xx_HAL_Driver/Src/stm32f3xx_hal_spi.o
                0x0000000008002958                HAL_SPI_Init
 .text.HAL_TIM_Base_Init
                0x0000000008002aae       0xae Drivers/STM32F3xx_HAL_Driver/Src/stm32f3xx_hal_tim.o
                0x0000000008002aae                HAL_TIM_Base_Init
 .text.HAL_TIM_Base_MspInit
                0x0000000008002b5c       0x14 Drivers/STM32F3xx_HAL_Driver/Src/stm32f3xx_hal_tim.o
                0x0000000008002b5c                HAL_TIM_Base_MspInit
 .text.HAL_TIM_Base_Start_IT
                0x0000000008002b70       0xd4 Drivers/STM32F3xx_HAL_Driver/Src/stm32f3xx_hal_tim.o
                0x0000000008002b70                HAL_TIM_Base_Start_IT
 .text.HAL_TIM_IRQHandler
                0x0000000008002c44      0x23e Drivers/STM32F3xx_HAL_Driver/Src/stm32f3xx_hal_tim.o
                0x0000000008002c44                HAL_TIM_IRQHandler
 .text.HAL_TIM_OC_DelayElapsedCallback
                0x0000000008002e82       0x14 Drivers/STM32F3xx_HAL_Driver/Src/stm32f3xx_hal_tim.o
                0x0000000008002e82                HAL_TIM_OC_DelayElapsedCallback
 .text.HAL_TIM_IC_CaptureCallback
                0x0000000008002e96       0x14 Drivers/STM32F3xx_HAL_Driver/Src/stm32f3xx_hal_tim.o
                0x0000000008002e96                HAL_TIM_IC_CaptureCallback
 .text.HAL_TIM_PWM_PulseFinishedCallback
                0x0000000008002eaa       0x14 Drivers/STM32F3xx_HAL_Driver/Src/stm32f3xx_hal_tim.o
                0x0000000008002eaa                HAL_TIM_PWM_PulseFinishedCallback
 .text.HAL_TIM_TriggerCallback
                0x0000000008002ebe       0x14 Drivers/STM32F3xx_HAL_Driver/Src/stm32f3xx_hal_tim.o
                0x0000000008002ebe                HAL_TIM_TriggerCallback
 *fill*         0x0000000008002ed2        0x2 
 .text.TIM_Base_SetConfig
                0x0000000008002ed4      0x120 Drivers/STM32F3xx_HAL_Driver/Src/stm32f3xx_hal_tim.o
                0x0000000008002ed4                TIM_Base_SetConfig
 .text.HAL_TIMEx_CommutCallback
                0x0000000008002ff4       0x14 Drivers/STM32F3xx_HAL_Driver/Src/stm32f3xx_hal_tim_ex.o
                0x0000000008002ff4                HAL_TIMEx_CommutCallback
 .text.HAL_TIMEx_BreakCallback
                0x0000000008003008       0x14 Drivers/STM32F3xx_HAL_Driver/Src/stm32f3xx_hal_tim_ex.o
                0x0000000008003008                HAL_TIMEx_BreakCallback
 .text.HAL_TIMEx_Break2Callback
                0x000000000800301c       0x14 Drivers/STM32F3xx_HAL_Driver/Src/stm32f3xx_hal_tim_ex.o
                0x000000000800301c                HAL_TIMEx_Break2Callback
 .text.USB_DisableGlobalInt
                0x0000000008003030       0x36 Drivers/STM32F3xx_HAL_Driver/Src/stm32f3xx_ll_usb.o
                0x0000000008003030                USB_DisableGlobalInt
 .text.USB_DevInit
                0x0000000008003066       0x42 Drivers/STM32F3xx_HAL_Driver/Src/stm32f3xx_ll_usb.o
                0x0000000008003066                USB_DevInit
 .text.osKernelInitialize
                0x00000000080030a8       0x68 Middlewares/Third_Party/FreeRTOS/Source/CMSIS_RTOS_V2/cmsis_os2.o
                0x00000000080030a8                osKernelInitialize
 .text.osKernelStart
                0x0000000008003110       0x68 Middlewares/Third_Party/FreeRTOS/Source/CMSIS_RTOS_V2/cmsis_os2.o
                0x0000000008003110                osKernelStart
 .text.osThreadNew
                0x0000000008003178      0x154 Middlewares/Third_Party/FreeRTOS/Source/CMSIS_RTOS_V2/cmsis_os2.o
                0x0000000008003178                osThreadNew
 .text.osDelay  0x00000000080032cc       0x5c Middlewares/Third_Party/FreeRTOS/Source/CMSIS_RTOS_V2/cmsis_os2.o
                0x00000000080032cc                osDelay
 .text.osMutexNew
                0x0000000008003328      0x134 Middlewares/Third_Party/FreeRTOS/Source/CMSIS_RTOS_V2/cmsis_os2.o
                0x0000000008003328                osMutexNew
 .text.osMutexAcquire
                0x000000000800345c       0xbc Middlewares/Third_Party/FreeRTOS/Source/CMSIS_RTOS_V2/cmsis_os2.o
                0x000000000800345c                osMutexAcquire
 .text.osMutexRelease
                0x0000000008003518       0xa0 Middlewares/Third_Party/FreeRTOS/Source/CMSIS_RTOS_V2/cmsis_os2.o
                0x0000000008003518                osMutexRelease
 .text.osSemaphoreNew
                0x00000000080035b8      0x13c Middlewares/Third_Party/FreeRTOS/Source/CMSIS_RTOS_V2/cmsis_os2.o
                0x00000000080035b8                osSemaphoreNew
 .text.osSemaphoreAcquire
                0x00000000080036f4       0xcc Middlewares/Third_Party/FreeRTOS/Source/CMSIS_RTOS_V2/cmsis_os2.o
                0x00000000080036f4                osSemaphoreAcquire
 .text.osSemaphoreRelease
                0x00000000080037c0       0xb0 Middlewares/Third_Party/FreeRTOS/Source/CMSIS_RTOS_V2/cmsis_os2.o
                0x00000000080037c0                osSemaphoreRelease
 .text.osMessageQueueNew
                0x0000000008003870      0x10c Middlewares/Third_Party/FreeRTOS/Source/CMSIS_RTOS_V2/cmsis_os2.o
                0x0000000008003870                osMessageQueueNew
 .text.osMessageQueuePut
                0x000000000800397c       0xe8 Middlewares/Third_Party/FreeRTOS/Source/CMSIS_RTOS_V2/cmsis_os2.o
                0x000000000800397c                osMessageQueuePut
 .text.osMessageQueueGet
                0x0000000008003a64       0xe4 Middlewares/Third_Party/FreeRTOS/Source/CMSIS_RTOS_V2/cmsis_os2.o
                0x0000000008003a64                osMessageQueueGet
 .text.vApplicationGetIdleTaskMemory
                0x0000000008003b48       0x34 Middlewares/Third_Party/FreeRTOS/Source/CMSIS_RTOS_V2/cmsis_os2.o
                0x0000000008003b48                vApplicationGetIdleTaskMemory
 .text.vApplicationGetTimerTaskMemory
                0x0000000008003b7c       0x34 Middlewares/Third_Party/FreeRTOS/Source/CMSIS_RTOS_V2/cmsis_os2.o
                0x0000000008003b7c                vApplicationGetTimerTaskMemory
 .text.vListInitialise
                0x0000000008003bb0       0x40 Middlewares/Third_Party/FreeRTOS/Source/list.o
                0x0000000008003bb0                vListInitialise
 .text.vListInitialiseItem
                0x0000000008003bf0       0x1a Middlewares/Third_Party/FreeRTOS/Source/list.o
                0x0000000008003bf0                vListInitialiseItem
 .text.vListInsertEnd
                0x0000000008003c0a       0x48 Middlewares/Third_Party/FreeRTOS/Source/list.o
                0x0000000008003c0a                vListInsertEnd
 .text.vListInsert
                0x0000000008003c52       0x72 Middlewares/Third_Party/FreeRTOS/Source/list.o
                0x0000000008003c52                vListInsert
 .text.uxListRemove
                0x0000000008003cc4       0x54 Middlewares/Third_Party/FreeRTOS/Source/list.o
                0x0000000008003cc4                uxListRemove
 .text.xQueueGenericReset
                0x0000000008003d18       0xd0 Middlewares/Third_Party/FreeRTOS/Source/queue.o
                0x0000000008003d18                xQueueGenericReset
 .text.xQueueGenericCreateStatic
                0x0000000008003de8       0xe4 Middlewares/Third_Party/FreeRTOS/Source/queue.o
                0x0000000008003de8                xQueueGenericCreateStatic
 .text.xQueueGenericCreate
                0x0000000008003ecc       0x7a Middlewares/Third_Party/FreeRTOS/Source/queue.o
                0x0000000008003ecc                xQueueGenericCreate
 .text.prvInitialiseNewQueue
                0x0000000008003f46       0x46 Middlewares/Third_Party/FreeRTOS/Source/queue.o
 .text.prvInitialiseMutex
                0x0000000008003f8c       0x34 Middlewares/Third_Party/FreeRTOS/Source/queue.o
 .text.xQueueCreateMutex
                0x0000000008003fc0       0x30 Middlewares/Third_Party/FreeRTOS/Source/queue.o
                0x0000000008003fc0                xQueueCreateMutex
 .text.xQueueCreateMutexStatic
                0x0000000008003ff0       0x36 Middlewares/Third_Party/FreeRTOS/Source/queue.o
                0x0000000008003ff0                xQueueCreateMutexStatic
 .text.xQueueGiveMutexRecursive
                0x0000000008004026       0x66 Middlewares/Third_Party/FreeRTOS/Source/queue.o
                0x0000000008004026                xQueueGiveMutexRecursive
 .text.xQueueTakeMutexRecursive
                0x000000000800408c       0x6a Middlewares/Third_Party/FreeRTOS/Source/queue.o
                0x000000000800408c                xQueueTakeMutexRecursive
 .text.xQueueCreateCountingSemaphoreStatic
                0x00000000080040f6       0x6a Middlewares/Third_Party/FreeRTOS/Source/queue.o
                0x00000000080040f6                xQueueCreateCountingSemaphoreStatic
 .text.xQueueCreateCountingSemaphore
                0x0000000008004160       0x62 Middlewares/Third_Party/FreeRTOS/Source/queue.o
                0x0000000008004160                xQueueCreateCountingSemaphore
 *fill*         0x00000000080041c2        0x2 
 .text.xQueueGenericSend
                0x00000000080041c4      0x1f4 Middlewares/Third_Party/FreeRTOS/Source/queue.o
                0x00000000080041c4                xQueueGenericSend
 .text.xQueueGenericSendFromISR
                0x00000000080043b8      0x128 Middlewares/Third_Party/FreeRTOS/Source/queue.o
                0x00000000080043b8                xQueueGenericSendFromISR
 .text.xQueueGiveFromISR
                0x00000000080044e0      0x112 Middlewares/Third_Party/FreeRTOS/Source/queue.o
                0x00000000080044e0                xQueueGiveFromISR
 *fill*         0x00000000080045f2        0x2 
 .text.xQueueReceive
                0x00000000080045f4      0x1b8 Middlewares/Third_Party/FreeRTOS/Source/queue.o
                0x00000000080045f4                xQueueReceive
 .text.xQueueSemaphoreTake
                0x00000000080047ac      0x210 Middlewares/Third_Party/FreeRTOS/Source/queue.o
                0x00000000080047ac                xQueueSemaphoreTake
 .text.xQueueReceiveFromISR
                0x00000000080049bc       0xfa Middlewares/Third_Party/FreeRTOS/Source/queue.o
                0x00000000080049bc                xQueueReceiveFromISR
 .text.vQueueDelete
                0x0000000008004ab6       0x44 Middlewares/Third_Party/FreeRTOS/Source/queue.o
                0x0000000008004ab6                vQueueDelete
 .text.prvGetDisinheritPriorityAfterTimeout
                0x0000000008004afa       0x30 Middlewares/Third_Party/FreeRTOS/Source/queue.o
 .text.prvCopyDataToQueue
                0x0000000008004b2a       0xd4 Middlewares/Third_Party/FreeRTOS/Source/queue.o
 .text.prvCopyDataFromQueue
                0x0000000008004bfe       0x4c Middlewares/Third_Party/FreeRTOS/Source/queue.o
 .text.prvUnlockQueue
                0x0000000008004c4a       0xa4 Middlewares/Third_Party/FreeRTOS/Source/queue.o
 .text.prvIsQueueEmpty
                0x0000000008004cee       0x2c Middlewares/Third_Party/FreeRTOS/Source/queue.o
 .text.prvIsQueueFull
                0x0000000008004d1a       0x30 Middlewares/Third_Party/FreeRTOS/Source/queue.o
 *fill*         0x0000000008004d4a        0x2 
 .text.vQueueAddToRegistry
                0x0000000008004d4c       0x50 Middlewares/Third_Party/FreeRTOS/Source/queue.o
                0x0000000008004d4c                vQueueAddToRegistry
 .text.vQueueUnregisterQueue
                0x0000000008004d9c       0x54 Middlewares/Third_Party/FreeRTOS/Source/queue.o
                0x0000000008004d9c                vQueueUnregisterQueue
 .text.vQueueWaitForMessageRestricted
                0x0000000008004df0       0x68 Middlewares/Third_Party/FreeRTOS/Source/queue.o
                0x0000000008004df0                vQueueWaitForMessageRestricted
 .text.xTaskCreateStatic
                0x0000000008004e58       0xb2 Middlewares/Third_Party/FreeRTOS/Source/tasks.o
                0x0000000008004e58                xTaskCreateStatic
 .text.xTaskCreate
                0x0000000008004f0a       0x8a Middlewares/Third_Party/FreeRTOS/Source/tasks.o
                0x0000000008004f0a                xTaskCreate
 .text.prvInitialiseNewTask
                0x0000000008004f94      0x10c Middlewares/Third_Party/FreeRTOS/Source/tasks.o
 .text.prvAddNewTaskToReadyList
                0x00000000080050a0       0xe0 Middlewares/Third_Party/FreeRTOS/Source/tasks.o
 .text.vTaskDelay
                0x0000000008005180       0x68 Middlewares/Third_Party/FreeRTOS/Source/tasks.o
                0x0000000008005180                vTaskDelay
 .text.vTaskStartScheduler
                0x00000000080051e8       0xc8 Middlewares/Third_Party/FreeRTOS/Source/tasks.o
                0x00000000080051e8                vTaskStartScheduler
 .text.vTaskSuspendAll
                0x00000000080052b0       0x1c Middlewares/Third_Party/FreeRTOS/Source/tasks.o
                0x00000000080052b0                vTaskSuspendAll
 .text.xTaskResumeAll
                0x00000000080052cc      0x138 Middlewares/Third_Party/FreeRTOS/Source/tasks.o
                0x00000000080052cc                xTaskResumeAll
 .text.xTaskGetTickCount
                0x0000000008005404       0x20 Middlewares/Third_Party/FreeRTOS/Source/tasks.o
                0x0000000008005404                xTaskGetTickCount
 .text.xTaskIncrementTick
                0x0000000008005424      0x17c Middlewares/Third_Party/FreeRTOS/Source/tasks.o
                0x0000000008005424                xTaskIncrementTick
 .text.vTaskSwitchContext
                0x00000000080055a0       0xb8 Middlewares/Third_Party/FreeRTOS/Source/tasks.o
                0x00000000080055a0                vTaskSwitchContext
 .text.vTaskPlaceOnEventList
                0x0000000008005658       0x48 Middlewares/Third_Party/FreeRTOS/Source/tasks.o
                0x0000000008005658                vTaskPlaceOnEventList
 .text.vTaskPlaceOnEventListRestricted
                0x00000000080056a0       0x54 Middlewares/Third_Party/FreeRTOS/Source/tasks.o
                0x00000000080056a0                vTaskPlaceOnEventListRestricted
 .text.xTaskRemoveFromEventList
                0x00000000080056f4       0xc4 Middlewares/Third_Party/FreeRTOS/Source/tasks.o
                0x00000000080056f4                xTaskRemoveFromEventList
 .text.vTaskInternalSetTimeOutState
                0x00000000080057b8       0x2c Middlewares/Third_Party/FreeRTOS/Source/tasks.o
                0x00000000080057b8                vTaskInternalSetTimeOutState
 .text.xTaskCheckForTimeOut
                0x00000000080057e4       0xc0 Middlewares/Third_Party/FreeRTOS/Source/tasks.o
                0x00000000080057e4                xTaskCheckForTimeOut
 .text.vTaskMissedYield
                0x00000000080058a4       0x18 Middlewares/Third_Party/FreeRTOS/Source/tasks.o
                0x00000000080058a4                vTaskMissedYield
 .text.prvIdleTask
                0x00000000080058bc       0x30 Middlewares/Third_Party/FreeRTOS/Source/tasks.o
 .text.prvInitialiseTaskLists
                0x00000000080058ec       0x80 Middlewares/Third_Party/FreeRTOS/Source/tasks.o
 .text.prvCheckTasksWaitingTermination
                0x000000000800596c       0x58 Middlewares/Third_Party/FreeRTOS/Source/tasks.o
 .text.prvDeleteTCB
                0x00000000080059c4       0x5c Middlewares/Third_Party/FreeRTOS/Source/tasks.o
 .text.prvResetNextTaskUnblockTime
                0x0000000008005a20       0x4c Middlewares/Third_Party/FreeRTOS/Source/tasks.o
 .text.xTaskGetCurrentTaskHandle
                0x0000000008005a6c       0x20 Middlewares/Third_Party/FreeRTOS/Source/tasks.o
                0x0000000008005a6c                xTaskGetCurrentTaskHandle
 .text.xTaskGetSchedulerState
                0x0000000008005a8c       0x3c Middlewares/Third_Party/FreeRTOS/Source/tasks.o
                0x0000000008005a8c                xTaskGetSchedulerState
 .text.xTaskPriorityInherit
                0x0000000008005ac8       0xdc Middlewares/Third_Party/FreeRTOS/Source/tasks.o
                0x0000000008005ac8                xTaskPriorityInherit
 .text.xTaskPriorityDisinherit
                0x0000000008005ba4       0xd8 Middlewares/Third_Party/FreeRTOS/Source/tasks.o
                0x0000000008005ba4                xTaskPriorityDisinherit
 .text.vTaskPriorityDisinheritAfterTimeout
                0x0000000008005c7c      0x108 Middlewares/Third_Party/FreeRTOS/Source/tasks.o
                0x0000000008005c7c                vTaskPriorityDisinheritAfterTimeout
 .text.pvTaskIncrementMutexHeldCount
                0x0000000008005d84       0x28 Middlewares/Third_Party/FreeRTOS/Source/tasks.o
                0x0000000008005d84                pvTaskIncrementMutexHeldCount
 .text.prvAddCurrentTaskToDelayedList
                0x0000000008005dac       0xa8 Middlewares/Third_Party/FreeRTOS/Source/tasks.o
 .text.xTimerCreateTimerTask
                0x0000000008005e54       0x90 Middlewares/Third_Party/FreeRTOS/Source/timers.o
                0x0000000008005e54                xTimerCreateTimerTask
 .text.xTimerGenericCommand
                0x0000000008005ee4       0x98 Middlewares/Third_Party/FreeRTOS/Source/timers.o
                0x0000000008005ee4                xTimerGenericCommand
 .text.prvProcessExpiredTimer
                0x0000000008005f7c       0x80 Middlewares/Third_Party/FreeRTOS/Source/timers.o
 .text.prvTimerTask
                0x0000000008005ffc       0x24 Middlewares/Third_Party/FreeRTOS/Source/timers.o
 .text.prvProcessTimerOrBlockTask
                0x0000000008006020       0x9c Middlewares/Third_Party/FreeRTOS/Source/timers.o
 .text.prvGetNextExpireTime
                0x00000000080060bc       0x48 Middlewares/Third_Party/FreeRTOS/Source/timers.o
 .text.prvSampleTimeNow
                0x0000000008006104       0x40 Middlewares/Third_Party/FreeRTOS/Source/timers.o
 .text.prvInsertTimerInActiveList
                0x0000000008006144       0x84 Middlewares/Third_Party/FreeRTOS/Source/timers.o
 .text.prvProcessReceivedCommands
                0x00000000080061c8      0x160 Middlewares/Third_Party/FreeRTOS/Source/timers.o
 .text.prvSwitchTimerLists
                0x0000000008006328       0xc0 Middlewares/Third_Party/FreeRTOS/Source/timers.o
 .text.prvCheckForValidListAndQueue
                0x00000000080063e8       0x80 Middlewares/Third_Party/FreeRTOS/Source/timers.o
 .text.pxPortInitialiseStack
                0x0000000008006468       0x68 Middlewares/Third_Party/FreeRTOS/Source/portable/GCC/ARM_CM4F/port.o
                0x0000000008006468                pxPortInitialiseStack
 .text.prvTaskExitError
                0x00000000080064d0       0x54 Middlewares/Third_Party/FreeRTOS/Source/portable/GCC/ARM_CM4F/port.o
 *fill*         0x0000000008006524        0xc 
 .text.SVC_Handler
                0x0000000008006530       0x28 Middlewares/Third_Party/FreeRTOS/Source/portable/GCC/ARM_CM4F/port.o
                0x0000000008006530                SVC_Handler
 .text.prvPortStartFirstTask
                0x0000000008006558       0x28 Middlewares/Third_Party/FreeRTOS/Source/portable/GCC/ARM_CM4F/port.o
 .text.xPortStartScheduler
                0x0000000008006580      0x13c Middlewares/Third_Party/FreeRTOS/Source/portable/GCC/ARM_CM4F/port.o
                0x0000000008006580                xPortStartScheduler
 .text.vPortEnterCritical
                0x00000000080066bc       0x5c Middlewares/Third_Party/FreeRTOS/Source/portable/GCC/ARM_CM4F/port.o
                0x00000000080066bc                vPortEnterCritical
 .text.vPortExitCritical
                0x0000000008006718       0x50 Middlewares/Third_Party/FreeRTOS/Source/portable/GCC/ARM_CM4F/port.o
                0x0000000008006718                vPortExitCritical
 *fill*         0x0000000008006768        0x8 
 .text.PendSV_Handler
                0x0000000008006770       0x68 Middlewares/Third_Party/FreeRTOS/Source/portable/GCC/ARM_CM4F/port.o
                0x0000000008006770                PendSV_Handler
 .text.SysTick_Handler
                0x00000000080067d8       0x40 Middlewares/Third_Party/FreeRTOS/Source/portable/GCC/ARM_CM4F/port.o
                0x00000000080067d8                SysTick_Handler
 .text.vPortSetupTimerInterrupt
                0x0000000008006818       0x48 Middlewares/Third_Party/FreeRTOS/Source/portable/GCC/ARM_CM4F/port.o
                0x0000000008006818                vPortSetupTimerInterrupt
 .text.vPortEnableVFP
                0x0000000008006860       0x14 Middlewares/Third_Party/FreeRTOS/Source/portable/GCC/ARM_CM4F/port.o
 .text.vPortValidateInterruptPriority
                0x0000000008006874       0x7c Middlewares/Third_Party/FreeRTOS/Source/portable/GCC/ARM_CM4F/port.o
                0x0000000008006874                vPortValidateInterruptPriority
 .text.pvPortMalloc
                0x00000000080068f0      0x184 Middlewares/Third_Party/FreeRTOS/Source/portable/MemMang/heap_4.o
                0x00000000080068f0                pvPortMalloc
 .text.vPortFree
                0x0000000008006a74       0xb0 Middlewares/Third_Party/FreeRTOS/Source/portable/MemMang/heap_4.o
                0x0000000008006a74                vPortFree
 .text.prvHeapInit
                0x0000000008006b24       0xc4 Middlewares/Third_Party/FreeRTOS/Source/portable/MemMang/heap_4.o
 .text.prvInsertBlockIntoFreeList
                0x0000000008006be8       0xb4 Middlewares/Third_Party/FreeRTOS/Source/portable/MemMang/heap_4.o
 .text.__libc_init_array
                0x0000000008006c9c       0x48 /home/evsejho/st/stm32cubeide_1.5.0/plugins/com.st.stm32cube.ide.mcu.externaltools.gnu-tools-for-stm32.7-2018-q2-update.linux64_1.5.0.202011040924/tools/bin/../lib/gcc/arm-none-eabi/7.3.1/../../../../arm-none-eabi/lib/thumb/v7e-m/fpv4-sp/hard/libc_nano.a(lib_a-init.o)
                0x0000000008006c9c                __libc_init_array
 .text.memcpy   0x0000000008006ce4       0x16 /home/evsejho/st/stm32cubeide_1.5.0/plugins/com.st.stm32cube.ide.mcu.externaltools.gnu-tools-for-stm32.7-2018-q2-update.linux64_1.5.0.202011040924/tools/bin/../lib/gcc/arm-none-eabi/7.3.1/../../../../arm-none-eabi/lib/thumb/v7e-m/fpv4-sp/hard/libc_nano.a(lib_a-memcpy-stub.o)
                0x0000000008006ce4                memcpy
 .text.memset   0x0000000008006cfa       0x10 /home/evsejho/st/stm32cubeide_1.5.0/plugins/com.st.stm32cube.ide.mcu.externaltools.gnu-tools-for-stm32.7-2018-q2-update.linux64_1.5.0.202011040924/tools/bin/../lib/gcc/arm-none-eabi/7.3.1/../../../../arm-none-eabi/lib/thumb/v7e-m/fpv4-sp/hard/libc_nano.a(lib_a-memset.o)
                0x0000000008006cfa                memset
 *(.glue_7)
 .glue_7        0x0000000008006d0a        0x0 linker stubs
 *(.glue_7t)
 .glue_7t       0x0000000008006d0a        0x0 linker stubs
 *(.eh_frame)
 *fill*         0x0000000008006d0a        0x2 
 .eh_frame      0x0000000008006d0c        0x0 /home/evsejho/st/stm32cubeide_1.5.0/plugins/com.st.stm32cube.ide.mcu.externaltools.gnu-tools-for-stm32.7-2018-q2-update.linux64_1.5.0.202011040924/tools/bin/../lib/gcc/arm-none-eabi/7.3.1/thumb/v7e-m/fpv4-sp/hard/crtbegin.o
 *(.init)
 .init          0x0000000008006d0c        0x4 /home/evsejho/st/stm32cubeide_1.5.0/plugins/com.st.stm32cube.ide.mcu.externaltools.gnu-tools-for-stm32.7-2018-q2-update.linux64_1.5.0.202011040924/tools/bin/../lib/gcc/arm-none-eabi/7.3.1/thumb/v7e-m/fpv4-sp/hard/crti.o
                0x0000000008006d0c                _init
 .init          0x0000000008006d10        0x8 /home/evsejho/st/stm32cubeide_1.5.0/plugins/com.st.stm32cube.ide.mcu.externaltools.gnu-tools-for-stm32.7-2018-q2-update.linux64_1.5.0.202011040924/tools/bin/../lib/gcc/arm-none-eabi/7.3.1/thumb/v7e-m/fpv4-sp/hard/crtn.o
 *(.fini)
 .fini          0x0000000008006d18        0x4 /home/evsejho/st/stm32cubeide_1.5.0/plugins/com.st.stm32cube.ide.mcu.externaltools.gnu-tools-for-stm32.7-2018-q2-update.linux64_1.5.0.202011040924/tools/bin/../lib/gcc/arm-none-eabi/7.3.1/thumb/v7e-m/fpv4-sp/hard/crti.o
                0x0000000008006d18                _fini
 .fini          0x0000000008006d1c        0x8 /home/evsejho/st/stm32cubeide_1.5.0/plugins/com.st.stm32cube.ide.mcu.externaltools.gnu-tools-for-stm32.7-2018-q2-update.linux64_1.5.0.202011040924/tools/bin/../lib/gcc/arm-none-eabi/7.3.1/thumb/v7e-m/fpv4-sp/hard/crtn.o
                0x0000000008006d24                . = ALIGN (0x4)
                0x0000000008006d24                _etext = .

.vfp11_veneer   0x0000000008006d24        0x0
 .vfp11_veneer  0x0000000008006d24        0x0 linker stubs

.v4_bx          0x0000000008006d24        0x0
 .v4_bx         0x0000000008006d24        0x0 linker stubs

.iplt           0x0000000008006d24        0x0
 .iplt          0x0000000008006d24        0x0 /home/evsejho/st/stm32cubeide_1.5.0/plugins/com.st.stm32cube.ide.mcu.externaltools.gnu-tools-for-stm32.7-2018-q2-update.linux64_1.5.0.202011040924/tools/bin/../lib/gcc/arm-none-eabi/7.3.1/thumb/v7e-m/fpv4-sp/hard/crtbegin.o

.rodata         0x0000000008006d24      0x108
                0x0000000008006d24                . = ALIGN (0x4)
 *(.rodata)
 .rodata        0x0000000008006d24       0x38 Core/Src/main.o
 .rodata        0x0000000008006d5c        0x5 Middlewares/Third_Party/FreeRTOS/Source/tasks.o
 *fill*         0x0000000008006d61        0x3 
 .rodata        0x0000000008006d64        0xd Middlewares/Third_Party/FreeRTOS/Source/timers.o
 *(.rodata*)
 *fill*         0x0000000008006d71        0x3 
 .rodata.Producer_attributes
                0x0000000008006d74       0x24 Core/Src/main.o
                0x0000000008006d74                Producer_attributes
 .rodata.Consumer_attributes
                0x0000000008006d98       0x24 Core/Src/main.o
                0x0000000008006d98                Consumer_attributes
 .rodata.itemQueue_attributes
                0x0000000008006dbc       0x18 Core/Src/main.o
                0x0000000008006dbc                itemQueue_attributes
 .rodata.mutex_job_attributes
                0x0000000008006dd4       0x10 Core/Src/main.o
                0x0000000008006dd4                mutex_job_attributes
 .rodata.sem_job_attributes
                0x0000000008006de4       0x10 Core/Src/main.o
                0x0000000008006de4                sem_job_attributes
 .rodata.AHBPrescTable
                0x0000000008006df4       0x10 Core/Src/system_stm32f3xx.o
                0x0000000008006df4                AHBPrescTable
 .rodata.APBPrescTable
                0x0000000008006e04        0x8 Core/Src/system_stm32f3xx.o
                0x0000000008006e04                APBPrescTable
 .rodata.aPLLMULFactorTable
                0x0000000008006e0c       0x10 Drivers/STM32F3xx_HAL_Driver/Src/stm32f3xx_hal_rcc.o
                0x0000000008006e0c                aPLLMULFactorTable
 .rodata.aPredivFactorTable
                0x0000000008006e1c       0x10 Drivers/STM32F3xx_HAL_Driver/Src/stm32f3xx_hal_rcc.o
                0x0000000008006e1c                aPredivFactorTable
                0x0000000008006e2c                . = ALIGN (0x4)

.rel.dyn        0x0000000008006e2c        0x0
 .rel.iplt      0x0000000008006e2c        0x0 /home/evsejho/st/stm32cubeide_1.5.0/plugins/com.st.stm32cube.ide.mcu.externaltools.gnu-tools-for-stm32.7-2018-q2-update.linux64_1.5.0.202011040924/tools/bin/../lib/gcc/arm-none-eabi/7.3.1/thumb/v7e-m/fpv4-sp/hard/crtbegin.o

.ARM.extab      0x0000000008006e2c        0x0
                0x0000000008006e2c                . = ALIGN (0x4)
 *(.ARM.extab* .gnu.linkonce.armextab.*)
                0x0000000008006e2c                . = ALIGN (0x4)

.ARM            0x0000000008006e2c        0x0
                0x0000000008006e2c                . = ALIGN (0x4)
                0x0000000008006e2c                __exidx_start = .
 *(.ARM.exidx*)
                0x0000000008006e2c                __exidx_end = .
                0x0000000008006e2c                . = ALIGN (0x4)

.preinit_array  0x0000000008006e2c        0x0
                0x0000000008006e2c                . = ALIGN (0x4)
                0x0000000008006e2c                PROVIDE (__preinit_array_start = .)
 *(.preinit_array*)
                0x0000000008006e2c                PROVIDE (__preinit_array_end = .)
                0x0000000008006e2c                . = ALIGN (0x4)

.init_array     0x0000000008006e2c        0x4
                0x0000000008006e2c                . = ALIGN (0x4)
                0x0000000008006e2c                PROVIDE (__init_array_start = .)
 *(SORT_BY_NAME(.init_array.*))
 *(.init_array*)
 .init_array    0x0000000008006e2c        0x4 /home/evsejho/st/stm32cubeide_1.5.0/plugins/com.st.stm32cube.ide.mcu.externaltools.gnu-tools-for-stm32.7-2018-q2-update.linux64_1.5.0.202011040924/tools/bin/../lib/gcc/arm-none-eabi/7.3.1/thumb/v7e-m/fpv4-sp/hard/crtbegin.o
                0x0000000008006e30                PROVIDE (__init_array_end = .)
                0x0000000008006e30                . = ALIGN (0x4)

.fini_array     0x0000000008006e30        0x4
                0x0000000008006e30                . = ALIGN (0x4)
                [!provide]                        PROVIDE (__fini_array_start = .)
 *(SORT_BY_NAME(.fini_array.*))
 *(.fini_array*)
 .fini_array    0x0000000008006e30        0x4 /home/evsejho/st/stm32cubeide_1.5.0/plugins/com.st.stm32cube.ide.mcu.externaltools.gnu-tools-for-stm32.7-2018-q2-update.linux64_1.5.0.202011040924/tools/bin/../lib/gcc/arm-none-eabi/7.3.1/thumb/v7e-m/fpv4-sp/hard/crtbegin.o
                [!provide]                        PROVIDE (__fini_array_end = .)
                0x0000000008006e34                . = ALIGN (0x4)
                0x0000000008006e34                _sidata = LOADADDR (.data)

.data           0x0000000020000000       0x10 load address 0x0000000008006e34
                0x0000000020000000                . = ALIGN (0x4)
                0x0000000020000000                _sdata = .
 *(.data)
 *(.data*)
 .data.SystemCoreClock
                0x0000000020000000        0x4 Core/Src/system_stm32f3xx.o
                0x0000000020000000                SystemCoreClock
 .data.uwTickPrio
                0x0000000020000004        0x4 Drivers/STM32F3xx_HAL_Driver/Src/stm32f3xx_hal.o
                0x0000000020000004                uwTickPrio
 .data.uwTickFreq
                0x0000000020000008        0x1 Drivers/STM32F3xx_HAL_Driver/Src/stm32f3xx_hal.o
                0x0000000020000008                uwTickFreq
 *fill*         0x0000000020000009        0x3 
 .data.uxCriticalNesting
                0x000000002000000c        0x4 Middlewares/Third_Party/FreeRTOS/Source/portable/GCC/ARM_CM4F/port.o
 *(.RamFunc)
 *(.RamFunc*)
                0x0000000020000010                . = ALIGN (0x4)
                0x0000000020000010                _edata = .

.igot.plt       0x0000000020000010        0x0 load address 0x0000000008006e44
 .igot.plt      0x0000000020000010        0x0 /home/evsejho/st/stm32cubeide_1.5.0/plugins/com.st.stm32cube.ide.mcu.externaltools.gnu-tools-for-stm32.7-2018-q2-update.linux64_1.5.0.202011040924/tools/bin/../lib/gcc/arm-none-eabi/7.3.1/thumb/v7e-m/fpv4-sp/hard/crtbegin.o
                0x0000000020000010                . = ALIGN (0x4)

.bss            0x0000000020000010     0x1d64 load address 0x0000000008006e44
                0x0000000020000010                _sbss = .
                0x0000000020000010                __bss_start__ = _sbss
 *(.bss)
 .bss           0x0000000020000010       0x1c /home/evsejho/st/stm32cubeide_1.5.0/plugins/com.st.stm32cube.ide.mcu.externaltools.gnu-tools-for-stm32.7-2018-q2-update.linux64_1.5.0.202011040924/tools/bin/../lib/gcc/arm-none-eabi/7.3.1/thumb/v7e-m/fpv4-sp/hard/crtbegin.o
 *(.bss*)
 .bss.KernelState
                0x000000002000002c        0x4 Middlewares/Third_Party/FreeRTOS/Source/CMSIS_RTOS_V2/cmsis_os2.o
 .bss.Idle_TCB  0x0000000020000030       0x5c Middlewares/Third_Party/FreeRTOS/Source/CMSIS_RTOS_V2/cmsis_os2.o
 .bss.Idle_Stack
                0x000000002000008c      0x200 Middlewares/Third_Party/FreeRTOS/Source/CMSIS_RTOS_V2/cmsis_os2.o
 .bss.Timer_TCB
                0x000000002000028c       0x5c Middlewares/Third_Party/FreeRTOS/Source/CMSIS_RTOS_V2/cmsis_os2.o
 .bss.Timer_Stack
                0x00000000200002e8      0x400 Middlewares/Third_Party/FreeRTOS/Source/CMSIS_RTOS_V2/cmsis_os2.o
 .bss.pxCurrentTCB
                0x00000000200006e8        0x4 Middlewares/Third_Party/FreeRTOS/Source/tasks.o
                0x00000000200006e8                pxCurrentTCB
 .bss.pxReadyTasksLists
                0x00000000200006ec      0x460 Middlewares/Third_Party/FreeRTOS/Source/tasks.o
 .bss.xDelayedTaskList1
                0x0000000020000b4c       0x14 Middlewares/Third_Party/FreeRTOS/Source/tasks.o
 .bss.xDelayedTaskList2
                0x0000000020000b60       0x14 Middlewares/Third_Party/FreeRTOS/Source/tasks.o
 .bss.pxDelayedTaskList
                0x0000000020000b74        0x4 Middlewares/Third_Party/FreeRTOS/Source/tasks.o
 .bss.pxOverflowDelayedTaskList
                0x0000000020000b78        0x4 Middlewares/Third_Party/FreeRTOS/Source/tasks.o
 .bss.xPendingReadyList
                0x0000000020000b7c       0x14 Middlewares/Third_Party/FreeRTOS/Source/tasks.o
 .bss.xTasksWaitingTermination
                0x0000000020000b90       0x14 Middlewares/Third_Party/FreeRTOS/Source/tasks.o
 .bss.uxDeletedTasksWaitingCleanUp
                0x0000000020000ba4        0x4 Middlewares/Third_Party/FreeRTOS/Source/tasks.o
 .bss.xSuspendedTaskList
                0x0000000020000ba8       0x14 Middlewares/Third_Party/FreeRTOS/Source/tasks.o
 .bss.uxCurrentNumberOfTasks
                0x0000000020000bbc        0x4 Middlewares/Third_Party/FreeRTOS/Source/tasks.o
 .bss.xTickCount
                0x0000000020000bc0        0x4 Middlewares/Third_Party/FreeRTOS/Source/tasks.o
 .bss.uxTopReadyPriority
                0x0000000020000bc4        0x4 Middlewares/Third_Party/FreeRTOS/Source/tasks.o
 .bss.xSchedulerRunning
                0x0000000020000bc8        0x4 Middlewares/Third_Party/FreeRTOS/Source/tasks.o
 .bss.uxPendedTicks
                0x0000000020000bcc        0x4 Middlewares/Third_Party/FreeRTOS/Source/tasks.o
 .bss.xYieldPending
                0x0000000020000bd0        0x4 Middlewares/Third_Party/FreeRTOS/Source/tasks.o
 .bss.xNumOfOverflows
                0x0000000020000bd4        0x4 Middlewares/Third_Party/FreeRTOS/Source/tasks.o
 .bss.uxTaskNumber
                0x0000000020000bd8        0x4 Middlewares/Third_Party/FreeRTOS/Source/tasks.o
 .bss.xNextTaskUnblockTime
                0x0000000020000bdc        0x4 Middlewares/Third_Party/FreeRTOS/Source/tasks.o
 .bss.xIdleTaskHandle
                0x0000000020000be0        0x4 Middlewares/Third_Party/FreeRTOS/Source/tasks.o
 .bss.uxSchedulerSuspended
                0x0000000020000be4        0x4 Middlewares/Third_Party/FreeRTOS/Source/tasks.o
 .bss.xActiveTimerList1
                0x0000000020000be8       0x14 Middlewares/Third_Party/FreeRTOS/Source/timers.o
 .bss.xActiveTimerList2
                0x0000000020000bfc       0x14 Middlewares/Third_Party/FreeRTOS/Source/timers.o
 .bss.pxCurrentTimerList
                0x0000000020000c10        0x4 Middlewares/Third_Party/FreeRTOS/Source/timers.o
 .bss.pxOverflowTimerList
                0x0000000020000c14        0x4 Middlewares/Third_Party/FreeRTOS/Source/timers.o
 .bss.xTimerQueue
                0x0000000020000c18        0x4 Middlewares/Third_Party/FreeRTOS/Source/timers.o
 .bss.xTimerTaskHandle
                0x0000000020000c1c        0x4 Middlewares/Third_Party/FreeRTOS/Source/timers.o
 .bss.xLastTime.6727
                0x0000000020000c20        0x4 Middlewares/Third_Party/FreeRTOS/Source/timers.o
 .bss.ucStaticTimerQueueStorage.6778
                0x0000000020000c24       0xa0 Middlewares/Third_Party/FreeRTOS/Source/timers.o
 .bss.xStaticTimerQueue.6777
                0x0000000020000cc4       0x50 Middlewares/Third_Party/FreeRTOS/Source/timers.o
 .bss.ucMaxSysCallPriority
                0x0000000020000d14        0x1 Middlewares/Third_Party/FreeRTOS/Source/portable/GCC/ARM_CM4F/port.o
 *fill*         0x0000000020000d15        0x3 
 .bss.ulMaxPRIGROUPValue
                0x0000000020000d18        0x4 Middlewares/Third_Party/FreeRTOS/Source/portable/GCC/ARM_CM4F/port.o
 .bss.ucHeap    0x0000000020000d1c      0xc00 Middlewares/Third_Party/FreeRTOS/Source/portable/MemMang/heap_4.o
 .bss.xStart    0x000000002000191c        0x8 Middlewares/Third_Party/FreeRTOS/Source/portable/MemMang/heap_4.o
 .bss.pxEnd     0x0000000020001924        0x4 Middlewares/Third_Party/FreeRTOS/Source/portable/MemMang/heap_4.o
 .bss.xFreeBytesRemaining
                0x0000000020001928        0x4 Middlewares/Third_Party/FreeRTOS/Source/portable/MemMang/heap_4.o
 .bss.xMinimumEverFreeBytesRemaining
                0x000000002000192c        0x4 Middlewares/Third_Party/FreeRTOS/Source/portable/MemMang/heap_4.o
 .bss.xBlockAllocatedBit
                0x0000000020001930        0x4 Middlewares/Third_Party/FreeRTOS/Source/portable/MemMang/heap_4.o
 *(COMMON)
 COMMON         0x0000000020001934      0x3b0 Core/Src/main.o
                0x0000000020001934                ProducerHandle
                0x0000000020001938                sem_jobHandle
                0x000000002000193c                hi2c1
                0x0000000020001988                mutex_jobHandle
                0x000000002000198c                hspi1
                0x00000000200019f0                ConsumerHandle
                0x00000000200019f4                hpcd_USB_FS
                0x0000000020001ce0                itemQueueHandle
 COMMON         0x0000000020001ce4       0x4c Core/Src/stm32f3xx_hal_timebase_tim.o
                0x0000000020001ce4                htim1
 COMMON         0x0000000020001d30        0x4 Drivers/STM32F3xx_HAL_Driver/Src/stm32f3xx_hal.o
                0x0000000020001d30                uwTick
 COMMON         0x0000000020001d34       0x40 Middlewares/Third_Party/FreeRTOS/Source/queue.o
                0x0000000020001d34                xQueueRegistry
                0x0000000020001d74                . = ALIGN (0x4)
                0x0000000020001d74                _ebss = .
                0x0000000020001d74                __bss_end__ = _ebss

._user_heap_stack
                0x0000000020001d74      0x604 load address 0x0000000008006e44
                0x0000000020001d78                . = ALIGN (0x8)
 *fill*         0x0000000020001d74        0x4 
                [!provide]                        PROVIDE (end = .)
                0x0000000020001d78                PROVIDE (_end = .)
                0x0000000020001f78                . = (. + _Min_Heap_Size)
 *fill*         0x0000000020001d78      0x200 
                0x0000000020002378                . = (. + _Min_Stack_Size)
 *fill*         0x0000000020001f78      0x400 
                0x0000000020002378                . = ALIGN (0x8)

/DISCARD/
 libc.a(*)
 libm.a(*)
 libgcc.a(*)

.ARM.attributes
                0x0000000000000000       0x30
 *(.ARM.attributes)
 .ARM.attributes
                0x0000000000000000       0x22 /home/evsejho/st/stm32cubeide_1.5.0/plugins/com.st.stm32cube.ide.mcu.externaltools.gnu-tools-for-stm32.7-2018-q2-update.linux64_1.5.0.202011040924/tools/bin/../lib/gcc/arm-none-eabi/7.3.1/thumb/v7e-m/fpv4-sp/hard/crti.o
 .ARM.attributes
                0x0000000000000022       0x34 /home/evsejho/st/stm32cubeide_1.5.0/plugins/com.st.stm32cube.ide.mcu.externaltools.gnu-tools-for-stm32.7-2018-q2-update.linux64_1.5.0.202011040924/tools/bin/../lib/gcc/arm-none-eabi/7.3.1/thumb/v7e-m/fpv4-sp/hard/crtbegin.o
 .ARM.attributes
                0x0000000000000056       0x39 Core/Src/main.o
 .ARM.attributes
                0x000000000000008f       0x39 Core/Src/stm32f3xx_hal_msp.o
 .ARM.attributes
                0x00000000000000c8       0x39 Core/Src/stm32f3xx_hal_timebase_tim.o
 .ARM.attributes
                0x0000000000000101       0x39 Core/Src/stm32f3xx_it.o
 .ARM.attributes
                0x000000000000013a       0x39 Core/Src/system_stm32f3xx.o
 .ARM.attributes
                0x0000000000000173       0x21 Core/Startup/startup_stm32f303vctx.o
 .ARM.attributes
                0x0000000000000194       0x39 Drivers/STM32F3xx_HAL_Driver/Src/stm32f3xx_hal.o
 .ARM.attributes
                0x00000000000001cd       0x39 Drivers/STM32F3xx_HAL_Driver/Src/stm32f3xx_hal_cortex.o
 .ARM.attributes
                0x0000000000000206       0x39 Drivers/STM32F3xx_HAL_Driver/Src/stm32f3xx_hal_gpio.o
 .ARM.attributes
                0x000000000000023f       0x39 Drivers/STM32F3xx_HAL_Driver/Src/stm32f3xx_hal_i2c.o
 .ARM.attributes
                0x0000000000000278       0x39 Drivers/STM32F3xx_HAL_Driver/Src/stm32f3xx_hal_i2c_ex.o
 .ARM.attributes
                0x00000000000002b1       0x39 Drivers/STM32F3xx_HAL_Driver/Src/stm32f3xx_hal_pcd.o
 .ARM.attributes
                0x00000000000002ea       0x39 Drivers/STM32F3xx_HAL_Driver/Src/stm32f3xx_hal_rcc.o
 .ARM.attributes
                0x0000000000000323       0x39 Drivers/STM32F3xx_HAL_Driver/Src/stm32f3xx_hal_rcc_ex.o
 .ARM.attributes
                0x000000000000035c       0x39 Drivers/STM32F3xx_HAL_Driver/Src/stm32f3xx_hal_spi.o
 .ARM.attributes
                0x0000000000000395       0x39 Drivers/STM32F3xx_HAL_Driver/Src/stm32f3xx_hal_tim.o
 .ARM.attributes
                0x00000000000003ce       0x39 Drivers/STM32F3xx_HAL_Driver/Src/stm32f3xx_hal_tim_ex.o
 .ARM.attributes
                0x0000000000000407       0x39 Drivers/STM32F3xx_HAL_Driver/Src/stm32f3xx_ll_usb.o
 .ARM.attributes
                0x0000000000000440       0x39 Middlewares/Third_Party/FreeRTOS/Source/CMSIS_RTOS_V2/cmsis_os2.o
 .ARM.attributes
                0x0000000000000479       0x39 Middlewares/Third_Party/FreeRTOS/Source/list.o
 .ARM.attributes
                0x00000000000004b2       0x39 Middlewares/Third_Party/FreeRTOS/Source/queue.o
 .ARM.attributes
                0x00000000000004eb       0x39 Middlewares/Third_Party/FreeRTOS/Source/tasks.o
 .ARM.attributes
                0x0000000000000524       0x39 Middlewares/Third_Party/FreeRTOS/Source/timers.o
 .ARM.attributes
                0x000000000000055d       0x39 Middlewares/Third_Party/FreeRTOS/Source/portable/GCC/ARM_CM4F/port.o
 .ARM.attributes
                0x0000000000000596       0x39 Middlewares/Third_Party/FreeRTOS/Source/portable/MemMang/heap_4.o
 .ARM.attributes
                0x00000000000005cf       0x34 /home/evsejho/st/stm32cubeide_1.5.0/plugins/com.st.stm32cube.ide.mcu.externaltools.gnu-tools-for-stm32.7-2018-q2-update.linux64_1.5.0.202011040924/tools/bin/../lib/gcc/arm-none-eabi/7.3.1/../../../../arm-none-eabi/lib/thumb/v7e-m/fpv4-sp/hard/libc_nano.a(lib_a-init.o)
 .ARM.attributes
                0x0000000000000603       0x34 /home/evsejho/st/stm32cubeide_1.5.0/plugins/com.st.stm32cube.ide.mcu.externaltools.gnu-tools-for-stm32.7-2018-q2-update.linux64_1.5.0.202011040924/tools/bin/../lib/gcc/arm-none-eabi/7.3.1/../../../../arm-none-eabi/lib/thumb/v7e-m/fpv4-sp/hard/libc_nano.a(lib_a-memcpy-stub.o)
 .ARM.attributes
                0x0000000000000637       0x34 /home/evsejho/st/stm32cubeide_1.5.0/plugins/com.st.stm32cube.ide.mcu.externaltools.gnu-tools-for-stm32.7-2018-q2-update.linux64_1.5.0.202011040924/tools/bin/../lib/gcc/arm-none-eabi/7.3.1/../../../../arm-none-eabi/lib/thumb/v7e-m/fpv4-sp/hard/libc_nano.a(lib_a-memset.o)
 .ARM.attributes
                0x000000000000066b       0x22 /home/evsejho/st/stm32cubeide_1.5.0/plugins/com.st.stm32cube.ide.mcu.externaltools.gnu-tools-for-stm32.7-2018-q2-update.linux64_1.5.0.202011040924/tools/bin/../lib/gcc/arm-none-eabi/7.3.1/thumb/v7e-m/fpv4-sp/hard/crtn.o
OUTPUT(Project 5 - RTOS.elf elf32-littlearm)

.debug_info     0x0000000000000000    0x1e6b7
 .debug_info    0x0000000000000000     0x1af9 Core/Src/main.o
 .debug_info    0x0000000000001af9     0x12a1 Core/Src/stm32f3xx_hal_msp.o
 .debug_info    0x0000000000002d9a      0xa96 Core/Src/stm32f3xx_hal_timebase_tim.o
 .debug_info    0x0000000000003830      0x75b Core/Src/stm32f3xx_it.o
 .debug_info    0x0000000000003f8b      0x45c Core/Src/system_stm32f3xx.o
 .debug_info    0x00000000000043e7       0x22 Core/Startup/startup_stm32f303vctx.o
 .debug_info    0x0000000000004409      0x7e2 Drivers/STM32F3xx_HAL_Driver/Src/stm32f3xx_hal.o
 .debug_info    0x0000000000004beb      0xd99 Drivers/STM32F3xx_HAL_Driver/Src/stm32f3xx_hal_cortex.o
 .debug_info    0x0000000000005984      0x70b Drivers/STM32F3xx_HAL_Driver/Src/stm32f3xx_hal_gpio.o
 .debug_info    0x000000000000608f     0x1fe5 Drivers/STM32F3xx_HAL_Driver/Src/stm32f3xx_hal_i2c.o
 .debug_info    0x0000000000008074      0x8de Drivers/STM32F3xx_HAL_Driver/Src/stm32f3xx_hal_i2c_ex.o
 .debug_info    0x0000000000008952     0x124b Drivers/STM32F3xx_HAL_Driver/Src/stm32f3xx_hal_pcd.o
 .debug_info    0x0000000000009b9d     0x180f Drivers/STM32F3xx_HAL_Driver/Src/stm32f3xx_hal_rcc.o
 .debug_info    0x000000000000b3ac      0x6ad Drivers/STM32F3xx_HAL_Driver/Src/stm32f3xx_hal_rcc_ex.o
 .debug_info    0x000000000000ba59     0x167f Drivers/STM32F3xx_HAL_Driver/Src/stm32f3xx_hal_spi.o
 .debug_info    0x000000000000d0d8     0x2901 Drivers/STM32F3xx_HAL_Driver/Src/stm32f3xx_hal_tim.o
 .debug_info    0x000000000000f9d9     0x144c Drivers/STM32F3xx_HAL_Driver/Src/stm32f3xx_hal_tim_ex.o
 .debug_info    0x0000000000010e25     0x161e Drivers/STM32F3xx_HAL_Driver/Src/stm32f3xx_ll_usb.o
 .debug_info    0x0000000000012443     0x403a Middlewares/Third_Party/FreeRTOS/Source/CMSIS_RTOS_V2/cmsis_os2.o
 .debug_info    0x000000000001647d      0xac5 Middlewares/Third_Party/FreeRTOS/Source/list.o
 .debug_info    0x0000000000016f42     0x22e8 Middlewares/Third_Party/FreeRTOS/Source/queue.o
 .debug_info    0x000000000001922a     0x294f Middlewares/Third_Party/FreeRTOS/Source/tasks.o
 .debug_info    0x000000000001bb79     0x1a21 Middlewares/Third_Party/FreeRTOS/Source/timers.o
 .debug_info    0x000000000001d59a      0x533 Middlewares/Third_Party/FreeRTOS/Source/portable/GCC/ARM_CM4F/port.o
 .debug_info    0x000000000001dacd      0xbea Middlewares/Third_Party/FreeRTOS/Source/portable/MemMang/heap_4.o

.debug_abbrev   0x0000000000000000     0x369e
 .debug_abbrev  0x0000000000000000      0x2aa Core/Src/main.o
 .debug_abbrev  0x00000000000002aa      0x1e5 Core/Src/stm32f3xx_hal_msp.o
 .debug_abbrev  0x000000000000048f      0x19d Core/Src/stm32f3xx_hal_timebase_tim.o
 .debug_abbrev  0x000000000000062c      0x15a Core/Src/stm32f3xx_it.o
 .debug_abbrev  0x0000000000000786      0x12b Core/Src/system_stm32f3xx.o
 .debug_abbrev  0x00000000000008b1       0x12 Core/Startup/startup_stm32f303vctx.o
 .debug_abbrev  0x00000000000008c3      0x1c7 Drivers/STM32F3xx_HAL_Driver/Src/stm32f3xx_hal.o
 .debug_abbrev  0x0000000000000a8a      0x2fa Drivers/STM32F3xx_HAL_Driver/Src/stm32f3xx_hal_cortex.o
 .debug_abbrev  0x0000000000000d84      0x1c0 Drivers/STM32F3xx_HAL_Driver/Src/stm32f3xx_hal_gpio.o
 .debug_abbrev  0x0000000000000f44      0x22a Drivers/STM32F3xx_HAL_Driver/Src/stm32f3xx_hal_i2c.o
 .debug_abbrev  0x000000000000116e      0x1b9 Drivers/STM32F3xx_HAL_Driver/Src/stm32f3xx_hal_i2c_ex.o
 .debug_abbrev  0x0000000000001327      0x282 Drivers/STM32F3xx_HAL_Driver/Src/stm32f3xx_hal_pcd.o
 .debug_abbrev  0x00000000000015a9      0x28c Drivers/STM32F3xx_HAL_Driver/Src/stm32f3xx_hal_rcc.o
 .debug_abbrev  0x0000000000001835      0x219 Drivers/STM32F3xx_HAL_Driver/Src/stm32f3xx_hal_rcc_ex.o
 .debug_abbrev  0x0000000000001a4e      0x228 Drivers/STM32F3xx_HAL_Driver/Src/stm32f3xx_hal_spi.o
 .debug_abbrev  0x0000000000001c76      0x230 Drivers/STM32F3xx_HAL_Driver/Src/stm32f3xx_hal_tim.o
 .debug_abbrev  0x0000000000001ea6      0x236 Drivers/STM32F3xx_HAL_Driver/Src/stm32f3xx_hal_tim_ex.o
 .debug_abbrev  0x00000000000020dc      0x22a Drivers/STM32F3xx_HAL_Driver/Src/stm32f3xx_ll_usb.o
 .debug_abbrev  0x0000000000002306      0x3a0 Middlewares/Third_Party/FreeRTOS/Source/CMSIS_RTOS_V2/cmsis_os2.o
 .debug_abbrev  0x00000000000026a6      0x1cf Middlewares/Third_Party/FreeRTOS/Source/list.o
 .debug_abbrev  0x0000000000002875      0x354 Middlewares/Third_Party/FreeRTOS/Source/queue.o
 .debug_abbrev  0x0000000000002bc9      0x350 Middlewares/Third_Party/FreeRTOS/Source/tasks.o
 .debug_abbrev  0x0000000000002f19      0x2d7 Middlewares/Third_Party/FreeRTOS/Source/timers.o
 .debug_abbrev  0x00000000000031f0      0x210 Middlewares/Third_Party/FreeRTOS/Source/portable/GCC/ARM_CM4F/port.o
 .debug_abbrev  0x0000000000003400      0x29e Middlewares/Third_Party/FreeRTOS/Source/portable/MemMang/heap_4.o

.debug_aranges  0x0000000000000000     0x17f0
 .debug_aranges
                0x0000000000000000       0x68 Core/Src/main.o
 .debug_aranges
                0x0000000000000068       0x50 Core/Src/stm32f3xx_hal_msp.o
 .debug_aranges
                0x00000000000000b8       0x30 Core/Src/stm32f3xx_hal_timebase_tim.o
 .debug_aranges
                0x00000000000000e8       0x50 Core/Src/stm32f3xx_it.o
 .debug_aranges
                0x0000000000000138       0x28 Core/Src/system_stm32f3xx.o
 .debug_aranges
                0x0000000000000160       0x28 Core/Startup/startup_stm32f303vctx.o
 .debug_aranges
                0x0000000000000188       0xe0 Drivers/STM32F3xx_HAL_Driver/Src/stm32f3xx_hal.o
 .debug_aranges
                0x0000000000000268      0x118 Drivers/STM32F3xx_HAL_Driver/Src/stm32f3xx_hal_cortex.o
 .debug_aranges
                0x0000000000000380       0x58 Drivers/STM32F3xx_HAL_Driver/Src/stm32f3xx_hal_gpio.o
 .debug_aranges
                0x00000000000003d8      0x290 Drivers/STM32F3xx_HAL_Driver/Src/stm32f3xx_hal_i2c.o
 .debug_aranges
                0x0000000000000668       0x48 Drivers/STM32F3xx_HAL_Driver/Src/stm32f3xx_hal_i2c_ex.o
 .debug_aranges
                0x00000000000006b0      0x138 Drivers/STM32F3xx_HAL_Driver/Src/stm32f3xx_hal_pcd.o
 .debug_aranges
                0x00000000000007e8       0x88 Drivers/STM32F3xx_HAL_Driver/Src/stm32f3xx_hal_rcc.o
 .debug_aranges
                0x0000000000000870       0x38 Drivers/STM32F3xx_HAL_Driver/Src/stm32f3xx_hal_rcc_ex.o
 .debug_aranges
                0x00000000000008a8      0x1d8 Drivers/STM32F3xx_HAL_Driver/Src/stm32f3xx_hal_spi.o
 .debug_aranges
                0x0000000000000a80      0x3e0 Drivers/STM32F3xx_HAL_Driver/Src/stm32f3xx_hal_tim.o
 .debug_aranges
                0x0000000000000e60      0x178 Drivers/STM32F3xx_HAL_Driver/Src/stm32f3xx_hal_tim_ex.o
 .debug_aranges
                0x0000000000000fd8       0xb0 Drivers/STM32F3xx_HAL_Driver/Src/stm32f3xx_ll_usb.o
 .debug_aranges
                0x0000000000001088      0x228 Middlewares/Third_Party/FreeRTOS/Source/CMSIS_RTOS_V2/cmsis_os2.o
 .debug_aranges
                0x00000000000012b0       0x40 Middlewares/Third_Party/FreeRTOS/Source/list.o
 .debug_aranges
                0x00000000000012f0      0x158 Middlewares/Third_Party/FreeRTOS/Source/queue.o
 .debug_aranges
                0x0000000000001448      0x1f8 Middlewares/Third_Party/FreeRTOS/Source/tasks.o
 .debug_aranges
                0x0000000000001640       0xe0 Middlewares/Third_Party/FreeRTOS/Source/timers.o
 .debug_aranges
                0x0000000000001720       0x80 Middlewares/Third_Party/FreeRTOS/Source/portable/GCC/ARM_CM4F/port.o
 .debug_aranges
                0x00000000000017a0       0x50 Middlewares/Third_Party/FreeRTOS/Source/portable/MemMang/heap_4.o

.debug_ranges   0x0000000000000000     0x1668
 .debug_ranges  0x0000000000000000       0x58 Core/Src/main.o
 .debug_ranges  0x0000000000000058       0x40 Core/Src/stm32f3xx_hal_msp.o
 .debug_ranges  0x0000000000000098       0x20 Core/Src/stm32f3xx_hal_timebase_tim.o
 .debug_ranges  0x00000000000000b8       0x40 Core/Src/stm32f3xx_it.o
 .debug_ranges  0x00000000000000f8       0x18 Core/Src/system_stm32f3xx.o
 .debug_ranges  0x0000000000000110       0x20 Core/Startup/startup_stm32f303vctx.o
 .debug_ranges  0x0000000000000130       0xd0 Drivers/STM32F3xx_HAL_Driver/Src/stm32f3xx_hal.o
 .debug_ranges  0x0000000000000200      0x108 Drivers/STM32F3xx_HAL_Driver/Src/stm32f3xx_hal_cortex.o
 .debug_ranges  0x0000000000000308       0x48 Drivers/STM32F3xx_HAL_Driver/Src/stm32f3xx_hal_gpio.o
 .debug_ranges  0x0000000000000350      0x280 Drivers/STM32F3xx_HAL_Driver/Src/stm32f3xx_hal_i2c.o
 .debug_ranges  0x00000000000005d0       0x38 Drivers/STM32F3xx_HAL_Driver/Src/stm32f3xx_hal_i2c_ex.o
 .debug_ranges  0x0000000000000608      0x128 Drivers/STM32F3xx_HAL_Driver/Src/stm32f3xx_hal_pcd.o
 .debug_ranges  0x0000000000000730       0x78 Drivers/STM32F3xx_HAL_Driver/Src/stm32f3xx_hal_rcc.o
 .debug_ranges  0x00000000000007a8       0x28 Drivers/STM32F3xx_HAL_Driver/Src/stm32f3xx_hal_rcc_ex.o
 .debug_ranges  0x00000000000007d0      0x1c8 Drivers/STM32F3xx_HAL_Driver/Src/stm32f3xx_hal_spi.o
 .debug_ranges  0x0000000000000998      0x3d0 Drivers/STM32F3xx_HAL_Driver/Src/stm32f3xx_hal_tim.o
 .debug_ranges  0x0000000000000d68      0x168 Drivers/STM32F3xx_HAL_Driver/Src/stm32f3xx_hal_tim_ex.o
 .debug_ranges  0x0000000000000ed0       0xa0 Drivers/STM32F3xx_HAL_Driver/Src/stm32f3xx_ll_usb.o
 .debug_ranges  0x0000000000000f70      0x218 Middlewares/Third_Party/FreeRTOS/Source/CMSIS_RTOS_V2/cmsis_os2.o
 .debug_ranges  0x0000000000001188       0x30 Middlewares/Third_Party/FreeRTOS/Source/list.o
 .debug_ranges  0x00000000000011b8      0x148 Middlewares/Third_Party/FreeRTOS/Source/queue.o
 .debug_ranges  0x0000000000001300      0x1e8 Middlewares/Third_Party/FreeRTOS/Source/tasks.o
 .debug_ranges  0x00000000000014e8       0xd0 Middlewares/Third_Party/FreeRTOS/Source/timers.o
 .debug_ranges  0x00000000000015b8       0x70 Middlewares/Third_Party/FreeRTOS/Source/portable/GCC/ARM_CM4F/port.o
 .debug_ranges  0x0000000000001628       0x40 Middlewares/Third_Party/FreeRTOS/Source/portable/MemMang/heap_4.o

.debug_macro    0x0000000000000000     0x36a6
 .debug_macro   0x0000000000000000      0x27e Core/Src/main.o
 .debug_macro   0x000000000000027e       0x5b Core/Src/main.o
 .debug_macro   0x00000000000002d9       0x74 Core/Src/main.o
 .debug_macro   0x000000000000034d      0x122 Core/Src/main.o
 .debug_macro   0x000000000000046f       0xdd Core/Src/main.o
 .debug_macro   0x000000000000054c      0x20b Core/Src/stm32f3xx_hal_msp.o
 .debug_macro   0x0000000000000757      0x1fc Core/Src/stm32f3xx_hal_timebase_tim.o
 .debug_macro   0x0000000000000953      0x215 Core/Src/stm32f3xx_it.o
 .debug_macro   0x0000000000000b68      0x1fc Core/Src/system_stm32f3xx.o
 .debug_macro   0x0000000000000d64      0x220 Drivers/STM32F3xx_HAL_Driver/Src/stm32f3xx_hal.o
 .debug_macro   0x0000000000000f84      0x1fc Drivers/STM32F3xx_HAL_Driver/Src/stm32f3xx_hal_cortex.o
 .debug_macro   0x0000000000001180      0x234 Drivers/STM32F3xx_HAL_Driver/Src/stm32f3xx_hal_gpio.o
 .debug_macro   0x00000000000013b4      0x2c1 Drivers/STM32F3xx_HAL_Driver/Src/stm32f3xx_hal_i2c.o
 .debug_macro   0x0000000000001675      0x1fc Drivers/STM32F3xx_HAL_Driver/Src/stm32f3xx_hal_i2c_ex.o
 .debug_macro   0x0000000000001871      0x208 Drivers/STM32F3xx_HAL_Driver/Src/stm32f3xx_hal_pcd.o
 .debug_macro   0x0000000000001a79      0x220 Drivers/STM32F3xx_HAL_Driver/Src/stm32f3xx_hal_rcc.o
 .debug_macro   0x0000000000001c99      0x1fc Drivers/STM32F3xx_HAL_Driver/Src/stm32f3xx_hal_rcc_ex.o
 .debug_macro   0x0000000000001e95      0x204 Drivers/STM32F3xx_HAL_Driver/Src/stm32f3xx_hal_spi.o
 .debug_macro   0x0000000000002099      0x1fd Drivers/STM32F3xx_HAL_Driver/Src/stm32f3xx_hal_tim.o
 .debug_macro   0x0000000000002296      0x1fc Drivers/STM32F3xx_HAL_Driver/Src/stm32f3xx_hal_tim_ex.o
 .debug_macro   0x0000000000002492      0x1fc Drivers/STM32F3xx_HAL_Driver/Src/stm32f3xx_ll_usb.o
 .debug_macro   0x000000000000268e      0x23a Middlewares/Third_Party/FreeRTOS/Source/CMSIS_RTOS_V2/cmsis_os2.o
 .debug_macro   0x00000000000028c8       0x10 Middlewares/Third_Party/FreeRTOS/Source/CMSIS_RTOS_V2/cmsis_os2.o
 .debug_macro   0x00000000000028d8       0x20 Middlewares/Third_Party/FreeRTOS/Source/CMSIS_RTOS_V2/cmsis_os2.o
 .debug_macro   0x00000000000028f8       0x10 Middlewares/Third_Party/FreeRTOS/Source/CMSIS_RTOS_V2/cmsis_os2.o
 .debug_macro   0x0000000000002908       0xd3 Middlewares/Third_Party/FreeRTOS/Source/CMSIS_RTOS_V2/cmsis_os2.o
 .debug_macro   0x00000000000029db       0x91 Middlewares/Third_Party/FreeRTOS/Source/CMSIS_RTOS_V2/cmsis_os2.o
 .debug_macro   0x0000000000002a6c       0x8d Middlewares/Third_Party/FreeRTOS/Source/CMSIS_RTOS_V2/cmsis_os2.o
 .debug_macro   0x0000000000002af9       0x9a Middlewares/Third_Party/FreeRTOS/Source/CMSIS_RTOS_V2/cmsis_os2.o
 .debug_macro   0x0000000000002b93      0x17a Middlewares/Third_Party/FreeRTOS/Source/list.o
 .debug_macro   0x0000000000002d0d      0x205 Middlewares/Third_Party/FreeRTOS/Source/queue.o
 .debug_macro   0x0000000000002f12       0x16 Middlewares/Third_Party/FreeRTOS/Source/queue.o
 .debug_macro   0x0000000000002f28      0x27a Middlewares/Third_Party/FreeRTOS/Source/tasks.o
 .debug_macro   0x00000000000031a2       0x10 Middlewares/Third_Party/FreeRTOS/Source/tasks.o
 .debug_macro   0x00000000000031b2      0x1bd Middlewares/Third_Party/FreeRTOS/Source/timers.o
 .debug_macro   0x000000000000336f      0x196 Middlewares/Third_Party/FreeRTOS/Source/portable/GCC/ARM_CM4F/port.o
 .debug_macro   0x0000000000003505      0x1a1 Middlewares/Third_Party/FreeRTOS/Source/portable/MemMang/heap_4.o

.debug_line     0x0000000000000000    0x14b30
 .debug_line    0x0000000000000000      0x9a6 Core/Src/main.o
 .debug_line    0x00000000000009a6      0x7c0 Core/Src/stm32f3xx_hal_msp.o
 .debug_line    0x0000000000001166      0x765 Core/Src/stm32f3xx_hal_timebase_tim.o
 .debug_line    0x00000000000018cb      0x7b7 Core/Src/stm32f3xx_it.o
 .debug_line    0x0000000000002082      0x74e Core/Src/system_stm32f3xx.o
 .debug_line    0x00000000000027d0       0x88 Core/Startup/startup_stm32f303vctx.o
 .debug_line    0x0000000000002858      0x90c Drivers/STM32F3xx_HAL_Driver/Src/stm32f3xx_hal.o
 .debug_line    0x0000000000003164      0xa41 Drivers/STM32F3xx_HAL_Driver/Src/stm32f3xx_hal_cortex.o
 .debug_line    0x0000000000003ba5      0x8bf Drivers/STM32F3xx_HAL_Driver/Src/stm32f3xx_hal_gpio.o
 .debug_line    0x0000000000004464     0x1b14 Drivers/STM32F3xx_HAL_Driver/Src/stm32f3xx_hal_i2c.o
 .debug_line    0x0000000000005f78      0x875 Drivers/STM32F3xx_HAL_Driver/Src/stm32f3xx_hal_i2c_ex.o
 .debug_line    0x00000000000067ed      0xd21 Drivers/STM32F3xx_HAL_Driver/Src/stm32f3xx_hal_pcd.o
 .debug_line    0x000000000000750e      0xe84 Drivers/STM32F3xx_HAL_Driver/Src/stm32f3xx_hal_rcc.o
 .debug_line    0x0000000000008392      0x9ff Drivers/STM32F3xx_HAL_Driver/Src/stm32f3xx_hal_rcc_ex.o
 .debug_line    0x0000000000008d91     0x11e1 Drivers/STM32F3xx_HAL_Driver/Src/stm32f3xx_hal_spi.o
 .debug_line    0x0000000000009f72     0x27a0 Drivers/STM32F3xx_HAL_Driver/Src/stm32f3xx_hal_tim.o
 .debug_line    0x000000000000c712     0x1527 Drivers/STM32F3xx_HAL_Driver/Src/stm32f3xx_hal_tim_ex.o
 .debug_line    0x000000000000dc39      0xd12 Drivers/STM32F3xx_HAL_Driver/Src/stm32f3xx_ll_usb.o
 .debug_line    0x000000000000e94b     0x1e27 Middlewares/Third_Party/FreeRTOS/Source/CMSIS_RTOS_V2/cmsis_os2.o
 .debug_line    0x0000000000010772      0x66c Middlewares/Third_Party/FreeRTOS/Source/list.o
 .debug_line    0x0000000000010dde     0x10f7 Middlewares/Third_Party/FreeRTOS/Source/queue.o
 .debug_line    0x0000000000011ed5     0x1443 Middlewares/Third_Party/FreeRTOS/Source/tasks.o
 .debug_line    0x0000000000013318      0xa23 Middlewares/Third_Party/FreeRTOS/Source/timers.o
 .debug_line    0x0000000000013d3b      0x6a3 Middlewares/Third_Party/FreeRTOS/Source/portable/GCC/ARM_CM4F/port.o
 .debug_line    0x00000000000143de      0x752 Middlewares/Third_Party/FreeRTOS/Source/portable/MemMang/heap_4.o

.debug_str      0x0000000000000000    0xc19d7
 .debug_str     0x0000000000000000    0xb485b Core/Src/main.o
                                      0xb50f7 (size before relaxing)
 .debug_str     0x00000000000b485b      0x3c5 Core/Src/stm32f3xx_hal_msp.o
                                      0xb125f (size before relaxing)
 .debug_str     0x00000000000b4c20       0x98 Core/Src/stm32f3xx_hal_timebase_tim.o
                                      0xb08a8 (size before relaxing)
 .debug_str     0x00000000000b4cb8       0x92 Core/Src/stm32f3xx_it.o
                                      0xb08ca (size before relaxing)
 .debug_str     0x00000000000b4d4a       0xb3 Core/Src/system_stm32f3xx.o
                                      0xaff10 (size before relaxing)
 .debug_str     0x00000000000b4dfd       0x36 Core/Startup/startup_stm32f303vctx.o
                                         0x78 (size before relaxing)
 .debug_str     0x00000000000b4e33      0x2c2 Drivers/STM32F3xx_HAL_Driver/Src/stm32f3xx_hal.o
                                      0xb06ac (size before relaxing)
 .debug_str     0x00000000000b50f5      0x383 Drivers/STM32F3xx_HAL_Driver/Src/stm32f3xx_hal_cortex.o
                                      0xb07ba (size before relaxing)
 .debug_str     0x00000000000b5478      0x229 Drivers/STM32F3xx_HAL_Driver/Src/stm32f3xx_hal_gpio.o
                                      0xb0176 (size before relaxing)
 .debug_str     0x00000000000b56a1      0xdaf Drivers/STM32F3xx_HAL_Driver/Src/stm32f3xx_hal_i2c.o
                                      0xb1164 (size before relaxing)
 .debug_str     0x00000000000b6450       0xb8 Drivers/STM32F3xx_HAL_Driver/Src/stm32f3xx_hal_i2c_ex.o
                                      0xb0447 (size before relaxing)
 .debug_str     0x00000000000b6508      0x3a5 Drivers/STM32F3xx_HAL_Driver/Src/stm32f3xx_hal_pcd.o
                                      0xb05ee (size before relaxing)
 .debug_str     0x00000000000b68ad      0x2db Drivers/STM32F3xx_HAL_Driver/Src/stm32f3xx_hal_rcc.o
                                      0xb037e (size before relaxing)
 .debug_str     0x00000000000b6b88       0xd8 Drivers/STM32F3xx_HAL_Driver/Src/stm32f3xx_hal_rcc_ex.o
                                      0xb0142 (size before relaxing)
 .debug_str     0x00000000000b6c60      0x571 Drivers/STM32F3xx_HAL_Driver/Src/stm32f3xx_hal_spi.o
                                      0xb0805 (size before relaxing)
 .debug_str     0x00000000000b71d1      0xe6b Drivers/STM32F3xx_HAL_Driver/Src/stm32f3xx_hal_tim.o
                                      0xb12cc (size before relaxing)
 .debug_str     0x00000000000b803c      0x5d8 Drivers/STM32F3xx_HAL_Driver/Src/stm32f3xx_hal_tim_ex.o
                                      0xb0af9 (size before relaxing)
 .debug_str     0x00000000000b8614      0x1f5 Drivers/STM32F3xx_HAL_Driver/Src/stm32f3xx_ll_usb.o
                                      0xb02a2 (size before relaxing)
 .debug_str     0x00000000000b8809     0x63df Middlewares/Third_Party/FreeRTOS/Source/CMSIS_RTOS_V2/cmsis_os2.o
                                       0xdf96 (size before relaxing)
 .debug_str     0x00000000000bebe8      0x225 Middlewares/Third_Party/FreeRTOS/Source/list.o
                                       0xa3f7 (size before relaxing)
 .debug_str     0x00000000000bee0d      0x8fd Middlewares/Third_Party/FreeRTOS/Source/queue.o
                                       0xbc1d (size before relaxing)
 .debug_str     0x00000000000bf70a     0x12f3 Middlewares/Third_Party/FreeRTOS/Source/tasks.o
                                       0xc833 (size before relaxing)
 .debug_str     0x00000000000c09fd      0x586 Middlewares/Third_Party/FreeRTOS/Source/timers.o
                                       0xc13f (size before relaxing)
 .debug_str     0x00000000000c0f83      0x803 Middlewares/Third_Party/FreeRTOS/Source/portable/GCC/ARM_CM4F/port.o
                                       0x80f0 (size before relaxing)
 .debug_str     0x00000000000c1786      0x251 Middlewares/Third_Party/FreeRTOS/Source/portable/MemMang/heap_4.o
                                       0xab1a (size before relaxing)

.comment        0x0000000000000000       0x7b
 .comment       0x0000000000000000       0x7b Core/Src/main.o
                                         0x7c (size before relaxing)
 .comment       0x000000000000007b       0x7c Core/Src/stm32f3xx_hal_msp.o
 .comment       0x000000000000007b       0x7c Core/Src/stm32f3xx_hal_timebase_tim.o
 .comment       0x000000000000007b       0x7c Core/Src/stm32f3xx_it.o
 .comment       0x000000000000007b       0x7c Core/Src/system_stm32f3xx.o
 .comment       0x000000000000007b       0x7c Drivers/STM32F3xx_HAL_Driver/Src/stm32f3xx_hal.o
 .comment       0x000000000000007b       0x7c Drivers/STM32F3xx_HAL_Driver/Src/stm32f3xx_hal_cortex.o
 .comment       0x000000000000007b       0x7c Drivers/STM32F3xx_HAL_Driver/Src/stm32f3xx_hal_gpio.o
 .comment       0x000000000000007b       0x7c Drivers/STM32F3xx_HAL_Driver/Src/stm32f3xx_hal_i2c.o
 .comment       0x000000000000007b       0x7c Drivers/STM32F3xx_HAL_Driver/Src/stm32f3xx_hal_i2c_ex.o
 .comment       0x000000000000007b       0x7c Drivers/STM32F3xx_HAL_Driver/Src/stm32f3xx_hal_pcd.o
 .comment       0x000000000000007b       0x7c Drivers/STM32F3xx_HAL_Driver/Src/stm32f3xx_hal_rcc.o
 .comment       0x000000000000007b       0x7c Drivers/STM32F3xx_HAL_Driver/Src/stm32f3xx_hal_rcc_ex.o
 .comment       0x000000000000007b       0x7c Drivers/STM32F3xx_HAL_Driver/Src/stm32f3xx_hal_spi.o
 .comment       0x000000000000007b       0x7c Drivers/STM32F3xx_HAL_Driver/Src/stm32f3xx_hal_tim.o
 .comment       0x000000000000007b       0x7c Drivers/STM32F3xx_HAL_Driver/Src/stm32f3xx_hal_tim_ex.o
 .comment       0x000000000000007b       0x7c Drivers/STM32F3xx_HAL_Driver/Src/stm32f3xx_ll_usb.o
 .comment       0x000000000000007b       0x7c Middlewares/Third_Party/FreeRTOS/Source/CMSIS_RTOS_V2/cmsis_os2.o
 .comment       0x000000000000007b       0x7c Middlewares/Third_Party/FreeRTOS/Source/list.o
 .comment       0x000000000000007b       0x7c Middlewares/Third_Party/FreeRTOS/Source/queue.o
 .comment       0x000000000000007b       0x7c Middlewares/Third_Party/FreeRTOS/Source/tasks.o
 .comment       0x000000000000007b       0x7c Middlewares/Third_Party/FreeRTOS/Source/timers.o
 .comment       0x000000000000007b       0x7c Middlewares/Third_Party/FreeRTOS/Source/portable/GCC/ARM_CM4F/port.o
 .comment       0x000000000000007b       0x7c Middlewares/Third_Party/FreeRTOS/Source/portable/MemMang/heap_4.o

.debug_frame    0x0000000000000000     0x65fc
 .debug_frame   0x0000000000000000      0x148 Core/Src/main.o
 .debug_frame   0x0000000000000148      0x10c Core/Src/stm32f3xx_hal_msp.o
 .debug_frame   0x0000000000000254       0x74 Core/Src/stm32f3xx_hal_timebase_tim.o
 .debug_frame   0x00000000000002c8       0xc4 Core/Src/stm32f3xx_it.o
 .debug_frame   0x000000000000038c       0x58 Core/Src/system_stm32f3xx.o
 .debug_frame   0x00000000000003e4      0x334 Drivers/STM32F3xx_HAL_Driver/Src/stm32f3xx_hal.o
 .debug_frame   0x0000000000000718      0x498 Drivers/STM32F3xx_HAL_Driver/Src/stm32f3xx_hal_cortex.o
 .debug_frame   0x0000000000000bb0      0x14c Drivers/STM32F3xx_HAL_Driver/Src/stm32f3xx_hal_gpio.o
 .debug_frame   0x0000000000000cfc      0xbe8 Drivers/STM32F3xx_HAL_Driver/Src/stm32f3xx_hal_i2c.o
 .debug_frame   0x00000000000018e4      0x100 Drivers/STM32F3xx_HAL_Driver/Src/stm32f3xx_hal_i2c_ex.o
 .debug_frame   0x00000000000019e4      0x578 Drivers/STM32F3xx_HAL_Driver/Src/stm32f3xx_hal_pcd.o
 .debug_frame   0x0000000000001f5c      0x214 Drivers/STM32F3xx_HAL_Driver/Src/stm32f3xx_hal_rcc.o
 .debug_frame   0x0000000000002170       0xb4 Drivers/STM32F3xx_HAL_Driver/Src/stm32f3xx_hal_rcc_ex.o
 .debug_frame   0x0000000000002224      0x860 Drivers/STM32F3xx_HAL_Driver/Src/stm32f3xx_hal_spi.o
 .debug_frame   0x0000000000002a84     0x121c Drivers/STM32F3xx_HAL_Driver/Src/stm32f3xx_hal_tim.o
 .debug_frame   0x0000000000003ca0      0x688 Drivers/STM32F3xx_HAL_Driver/Src/stm32f3xx_hal_tim_ex.o
 .debug_frame   0x0000000000004328      0x310 Drivers/STM32F3xx_HAL_Driver/Src/stm32f3xx_ll_usb.o
 .debug_frame   0x0000000000004638      0x980 Middlewares/Third_Party/FreeRTOS/Source/CMSIS_RTOS_V2/cmsis_os2.o
 .debug_frame   0x0000000000004fb8       0xd8 Middlewares/Third_Party/FreeRTOS/Source/list.o
 .debug_frame   0x0000000000005090      0x5ec Middlewares/Third_Party/FreeRTOS/Source/queue.o
 .debug_frame   0x000000000000567c      0x8a8 Middlewares/Third_Party/FreeRTOS/Source/tasks.o
 .debug_frame   0x0000000000005f24      0x3b4 Middlewares/Third_Party/FreeRTOS/Source/timers.o
 .debug_frame   0x00000000000062d8      0x1a8 Middlewares/Third_Party/FreeRTOS/Source/portable/GCC/ARM_CM4F/port.o
 .debug_frame   0x0000000000006480      0x108 Middlewares/Third_Party/FreeRTOS/Source/portable/MemMang/heap_4.o
 .debug_frame   0x0000000000006588       0x2c /home/evsejho/st/stm32cubeide_1.5.0/plugins/com.st.stm32cube.ide.mcu.externaltools.gnu-tools-for-stm32.7-2018-q2-update.linux64_1.5.0.202011040924/tools/bin/../lib/gcc/arm-none-eabi/7.3.1/../../../../arm-none-eabi/lib/thumb/v7e-m/fpv4-sp/hard/libc_nano.a(lib_a-init.o)
 .debug_frame   0x00000000000065b4       0x28 /home/evsejho/st/stm32cubeide_1.5.0/plugins/com.st.stm32cube.ide.mcu.externaltools.gnu-tools-for-stm32.7-2018-q2-update.linux64_1.5.0.202011040924/tools/bin/../lib/gcc/arm-none-eabi/7.3.1/../../../../arm-none-eabi/lib/thumb/v7e-m/fpv4-sp/hard/libc_nano.a(lib_a-memcpy-stub.o)
 .debug_frame   0x00000000000065dc       0x20 /home/evsejho/st/stm32cubeide_1.5.0/plugins/com.st.stm32cube.ide.mcu.externaltools.gnu-tools-for-stm32.7-2018-q2-update.linux64_1.5.0.202011040924/tools/bin/../lib/gcc/arm-none-eabi/7.3.1/../../../../arm-none-eabi/lib/thumb/v7e-m/fpv4-sp/hard/libc_nano.a(lib_a-memset.o)
